Archive member included to satisfy reference by file (symbol)

d:/gcc-ar~1/102021~1.10/bin/../lib/gcc/arm-none-eabi/10.3.1/../../../../arm-none-eabi/lib/thumb/v7e-m+fp/hard\libm.a(lib_a-w_asin.o)
                              CMakeFiles/blance_car.dir/Core/Driver/MPU6050/MPU6050.c.obj (asin)
d:/gcc-ar~1/102021~1.10/bin/../lib/gcc/arm-none-eabi/10.3.1/../../../../arm-none-eabi/lib/thumb/v7e-m+fp/hard\libm.a(lib_a-w_atan2.o)
                              CMakeFiles/blance_car.dir/Core/Driver/MPU6050/MPU6050.c.obj (atan2)
d:/gcc-ar~1/102021~1.10/bin/../lib/gcc/arm-none-eabi/10.3.1/../../../../arm-none-eabi/lib/thumb/v7e-m+fp/hard\libm.a(lib_a-e_asin.o)
                              d:/gcc-ar~1/102021~1.10/bin/../lib/gcc/arm-none-eabi/10.3.1/../../../../arm-none-eabi/lib/thumb/v7e-m+fp/hard\libm.a(lib_a-w_asin.o) (__ieee754_asin)
d:/gcc-ar~1/102021~1.10/bin/../lib/gcc/arm-none-eabi/10.3.1/../../../../arm-none-eabi/lib/thumb/v7e-m+fp/hard\libm.a(lib_a-e_atan2.o)
                              d:/gcc-ar~1/102021~1.10/bin/../lib/gcc/arm-none-eabi/10.3.1/../../../../arm-none-eabi/lib/thumb/v7e-m+fp/hard\libm.a(lib_a-w_atan2.o) (__ieee754_atan2)
d:/gcc-ar~1/102021~1.10/bin/../lib/gcc/arm-none-eabi/10.3.1/../../../../arm-none-eabi/lib/thumb/v7e-m+fp/hard\libm.a(lib_a-e_sqrt.o)
                              d:/gcc-ar~1/102021~1.10/bin/../lib/gcc/arm-none-eabi/10.3.1/../../../../arm-none-eabi/lib/thumb/v7e-m+fp/hard\libm.a(lib_a-e_asin.o) (__ieee754_sqrt)
d:/gcc-ar~1/102021~1.10/bin/../lib/gcc/arm-none-eabi/10.3.1/../../../../arm-none-eabi/lib/thumb/v7e-m+fp/hard\libm.a(lib_a-s_atan.o)
                              d:/gcc-ar~1/102021~1.10/bin/../lib/gcc/arm-none-eabi/10.3.1/../../../../arm-none-eabi/lib/thumb/v7e-m+fp/hard\libm.a(lib_a-e_atan2.o) (atan)
d:/gcc-ar~1/102021~1.10/bin/../lib/gcc/arm-none-eabi/10.3.1/../../../../arm-none-eabi/lib/thumb/v7e-m+fp/hard\libm.a(lib_a-s_fabs.o)
                              d:/gcc-ar~1/102021~1.10/bin/../lib/gcc/arm-none-eabi/10.3.1/../../../../arm-none-eabi/lib/thumb/v7e-m+fp/hard\libm.a(lib_a-w_asin.o) (fabs)
d:/gcc-ar~1/102021~1.10/bin/../lib/gcc/arm-none-eabi/10.3.1/../../../../arm-none-eabi/lib/thumb/v7e-m+fp/hard\libm.a(lib_a-s_nan.o)
                              d:/gcc-ar~1/102021~1.10/bin/../lib/gcc/arm-none-eabi/10.3.1/../../../../arm-none-eabi/lib/thumb/v7e-m+fp/hard\libm.a(lib_a-w_asin.o) (nan)
d:/gcc-ar~1/102021~1.10/bin/../lib/gcc/arm-none-eabi/10.3.1/../../../../arm-none-eabi/lib/thumb/v7e-m+fp/hard\libc_nano.a(lib_a-errno.o)
                              CMakeFiles/blance_car.dir/Core/Src/sysmem.c.obj (__errno)
d:/gcc-ar~1/102021~1.10/bin/../lib/gcc/arm-none-eabi/10.3.1/../../../../arm-none-eabi/lib/thumb/v7e-m+fp/hard\libc_nano.a(lib_a-exit.o)
                              d:/gcc-ar~1/102021~1.10/bin/../lib/gcc/arm-none-eabi/10.3.1/../../../../arm-none-eabi/lib/thumb/v7e-m+fp/hard/crt0.o (exit)
d:/gcc-ar~1/102021~1.10/bin/../lib/gcc/arm-none-eabi/10.3.1/../../../../arm-none-eabi/lib/thumb/v7e-m+fp/hard\libc_nano.a(lib_a-impure.o)
                              d:/gcc-ar~1/102021~1.10/bin/../lib/gcc/arm-none-eabi/10.3.1/../../../../arm-none-eabi/lib/thumb/v7e-m+fp/hard\libc_nano.a(lib_a-exit.o) (_global_impure_ptr)
d:/gcc-ar~1/102021~1.10/bin/../lib/gcc/arm-none-eabi/10.3.1/../../../../arm-none-eabi/lib/thumb/v7e-m+fp/hard\libc_nano.a(lib_a-init.o)
                              d:/gcc-ar~1/102021~1.10/bin/../lib/gcc/arm-none-eabi/10.3.1/../../../../arm-none-eabi/lib/thumb/v7e-m+fp/hard/crt0.o (__libc_init_array)
d:/gcc-ar~1/102021~1.10/bin/../lib/gcc/arm-none-eabi/10.3.1/../../../../arm-none-eabi/lib/thumb/v7e-m+fp/hard\libc_nano.a(lib_a-memcmp.o)
                              CMakeFiles/blance_car.dir/Core/Driver/MPU6050/inv_mpu.c.obj (memcmp)
d:/gcc-ar~1/102021~1.10/bin/../lib/gcc/arm-none-eabi/10.3.1/../../../../arm-none-eabi/lib/thumb/v7e-m+fp/hard\libc_nano.a(lib_a-memset.o)
                              d:/gcc-ar~1/102021~1.10/bin/../lib/gcc/arm-none-eabi/10.3.1/../../../../arm-none-eabi/lib/thumb/v7e-m+fp/hard/crt0.o (memset)
d:/gcc-ar~1/102021~1.10/bin/../lib/gcc/arm-none-eabi/10.3.1/thumb/v7e-m+fp/hard\libgcc.a(_arm_muldf3.o)
                              CMakeFiles/blance_car.dir/Core/Driver/MPU6050/MPU6050.c.obj (__aeabi_dmul)
d:/gcc-ar~1/102021~1.10/bin/../lib/gcc/arm-none-eabi/10.3.1/thumb/v7e-m+fp/hard\libgcc.a(_arm_addsubdf3.o)
                              d:/gcc-ar~1/102021~1.10/bin/../lib/gcc/arm-none-eabi/10.3.1/../../../../arm-none-eabi/lib/thumb/v7e-m+fp/hard\libm.a(lib_a-e_asin.o) (__aeabi_dsub)
d:/gcc-ar~1/102021~1.10/bin/../lib/gcc/arm-none-eabi/10.3.1/thumb/v7e-m+fp/hard\libgcc.a(_arm_muldivdf3.o)
                              d:/gcc-ar~1/102021~1.10/bin/../lib/gcc/arm-none-eabi/10.3.1/../../../../arm-none-eabi/lib/thumb/v7e-m+fp/hard\libm.a(lib_a-e_asin.o) (__aeabi_ddiv)
d:/gcc-ar~1/102021~1.10/bin/../lib/gcc/arm-none-eabi/10.3.1/thumb/v7e-m+fp/hard\libgcc.a(_arm_cmpdf2.o)
[...]
Memory Configuration

Name             Origin             Length             Attributes
RAM              0x20000000         0x00020000         xrw
CCMRAM           0x10000000         0x00010000         xrw
FLASH            0x08000000         0x00080000         xr
*default*        0x00000000         0xffffffff

Linker script and memory map

LOAD d:/gcc-ar~1/102021~1.10/bin/../lib/gcc/arm-none-eabi/10.3.1/thumb/v7e-m+fp/hard/crti.o
LOAD d:/gcc-ar~1/102021~1.10/bin/../lib/gcc/arm-none-eabi/10.3.1/thumb/v7e-m+fp/hard/crtbegin.o
LOAD d:/gcc-ar~1/102021~1.10/bin/../lib/gcc/arm-none-eabi/10.3.1/../../../../arm-none-eabi/lib/thumb/v7e-m+fp/hard/crt0.o
START GROUP
END GROUP
START GROUP
LOAD d:/gcc-ar~1/102021~1.10/bin/../lib/gcc/arm-none-eabi/10.3.1/../../../../arm-none-eabi/lib/thumb/v7e-m+fp/hard\libstdc++_nano.a
LOAD d:/gcc-ar~1/102021~1.10/bin/../lib/gcc/arm-none-eabi/10.3.1/../../../../arm-none-eabi/lib/thumb/v7e-m+fp/hard\libsupc++_nano.a
END GROUP
LOAD CMakeFiles/blance_car.dir/Core/Driver/MOTOR/motor.cpp.obj
LOAD CMakeFiles/blance_car.dir/Core/Driver/MPU6050/MPU6050.c.obj
LOAD CMakeFiles/blance_car.dir/Core/Driver/MPU6050/inv_mpu.c.obj
LOAD CMakeFiles/blance_car.dir/Core/Driver/MPU6050/inv_mpu_dmp_motion_driver.c.obj
LOAD CMakeFiles/blance_car.dir/Core/Driver/OLED/oled.cpp.obj
LOAD CMakeFiles/blance_car.dir/Core/Driver/PID/pid.cpp.obj
LOAD CMakeFiles/blance_car.dir/Core/Own/IT.cpp.obj
LOAD CMakeFiles/blance_car.dir/Core/Own/main.cpp.obj
LOAD CMakeFiles/blance_car.dir/Core/Src/gpio.c.obj
LOAD CMakeFiles/blance_car.dir/Core/Src/i2c.c.obj
LOAD CMakeFiles/blance_car.dir/Core/Src/tim.c.obj
LOAD CMakeFiles/blance_car.dir/Core/Src/stm32f4xx_it.c.obj
LOAD CMakeFiles/blance_car.dir/Core/Src/stm32f4xx_hal_msp.c.obj
LOAD CMakeFiles/blance_car.dir/Drivers/STM32F4xx_HAL_Driver/Src/stm32f4xx_hal_i2c.c.obj
LOAD CMakeFiles/blance_car.dir/Drivers/STM32F4xx_HAL_Driver/Src/stm32f4xx_hal_i2c_ex.c.obj
LOAD CMakeFiles/blance_car.dir/Drivers/STM32F4xx_HAL_Driver/Src/stm32f4xx_hal_rcc.c.obj
LOAD CMakeFiles/blance_car.dir/Drivers/STM32F4xx_HAL_Driver/Src/stm32f4xx_hal_rcc_ex.c.obj
LOAD CMakeFiles/blance_car.dir/Drivers/STM32F4xx_HAL_Driver/Src/stm32f4xx_hal_flash.c.obj
LOAD CMakeFiles/blance_car.dir/Drivers/STM32F4xx_HAL_Driver/Src/stm32f4xx_hal_flash_ex.c.obj
LOAD CMakeFiles/blance_car.dir/Drivers/STM32F4xx_HAL_Driver/Src/stm32f4xx_hal_flash_ramfunc.c.obj
LOAD CMakeFiles/blance_car.dir/Drivers/STM32F4xx_HAL_Driver/Src/stm32f4xx_hal_gpio.c.obj
LOAD CMakeFiles/blance_car.dir/Drivers/STM32F4xx_HAL_Driver/Src/stm32f4xx_hal_dma_ex.c.obj
LOAD CMakeFiles/blance_car.dir/Drivers/STM32F4xx_HAL_Driver/Src/stm32f4xx_hal_dma.c.obj
LOAD CMakeFiles/blance_car.dir/Drivers/STM32F4xx_HAL_Driver/Src/stm32f4xx_hal_pwr.c.obj
LOAD CMakeFiles/blance_car.dir/Drivers/STM32F4xx_HAL_Driver/Src/stm32f4xx_hal_pwr_ex.c.obj
LOAD CMakeFiles/blance_car.dir/Drivers/STM32F4xx_HAL_Driver/Src/stm32f4xx_hal_cortex.c.obj
LOAD CMakeFiles/blance_car.dir/Drivers/STM32F4xx_HAL_Driver/Src/stm32f4xx_hal.c.obj
LOAD CMakeFiles/blance_car.dir/Drivers/STM32F4xx_HAL_Driver/Src/stm32f4xx_hal_exti.c.obj
LOAD CMakeFiles/blance_car.dir/Drivers/STM32F4xx_HAL_Driver/Src/stm32f4xx_hal_tim.c.obj
LOAD CMakeFiles/blance_car.dir/Drivers/STM32F4xx_HAL_Driver/Src/stm32f4xx_hal_tim_ex.c.obj
LOAD CMakeFiles/blance_car.dir/Core/Src/system_stm32f4xx.c.obj
LOAD CMakeFiles/blance_car.dir/Core/Src/sysmem.c.obj
LOAD CMakeFiles/blance_car.dir/Core/Src/syscalls.c.obj
LOAD CMakeFiles/blance_car.dir/startup_stm32f407xx.s.obj
LOAD d:/gcc-ar~1/102021~1.10/bin/../lib/gcc/arm-none-eabi/10.3.1/../../../../arm-none-eabi/lib/thumb/v7e-m+fp/hard\libstdc++_nano.a
LOAD d:/gcc-ar~1/102021~1.10/bin/../lib/gcc/arm-none-eabi/10.3.1/../../../../arm-none-eabi/lib/thumb/v7e-m+fp/hard\libm.a
LOAD d:/gcc-ar~1/102021~1.10/bin/../lib/gcc/arm-none-eabi/10.3.1/../../../../arm-none-eabi/lib/thumb/v7e-m+fp/hard\libc_nano.a
START GROUP
LOAD d:/gcc-ar~1/102021~1.10/bin/../lib/gcc/arm-none-eabi/10.3.1/thumb/v7e-m+fp/hard\libgcc.a
LOAD d:/gcc-ar~1/102021~1.10/bin/../lib/gcc/arm-none-eabi/10.3.1/../../../../arm-none-eabi/lib/thumb/v7e-m+fp/hard\libg_nano.a
LOAD d:/gcc-ar~1/102021~1.10/bin/../lib/gcc/arm-none-eabi/10.3.1/../../../../arm-none-eabi/lib/thumb/v7e-m+fp/hard\libc_nano.a
END GROUP
START GROUP
LOAD d:/gcc-ar~1/102021~1.10/bin/../lib/gcc/arm-none-eabi/10.3.1/thumb/v7e-m+fp/hard\libgcc.a
LOAD d:/gcc-ar~1/102021~1.10/bin/../lib/gcc/arm-none-eabi/10.3.1/../../../../arm-none-eabi/lib/thumb/v7e-m+fp/hard\libc_nano.a
END GROUP
LOAD d:/gcc-ar~1/102021~1.10/bin/../lib/gcc/arm-none-eabi/10.3.1/thumb/v7e-m+fp/hard/crtend.o
LOAD d:/gcc-ar~1/102021~1.10/bin/../lib/gcc/arm-none-eabi/10.3.1/thumb/v7e-m+fp/hard/crtn.o
                0x20020000                _estack = (ORIGIN (RAM) + LENGTH (RAM))
                0x00000200                _Min_Heap_Size = 0x200
                0x00000400                _Min_Stack_Size = 0x400

.isr_vector     0x08000000      0x188
                0x08000000                . = ALIGN (0x4)
 *(.isr_vector)
 .isr_vector    0x08000000      0x188 CMakeFiles/blance_car.dir/startup_stm32f407xx.s.obj
                0x08000000                g_pfnVectors
                0x08000188                . = ALIGN (0x4)

.text           0x08000188     0x980c
                0x08000188                . = ALIGN (0x4)
 *(.text)
 .text          0x08000188       0x40 d:/gcc-ar~1/102021~1.10/bin/../lib/gcc/arm-none-eabi/10.3.1/thumb/v7e-m+fp/hard/crtbegin.o
 .text          0x080001c8      0x378 d:/gcc-ar~1/102021~1.10/bin/../lib/gcc/arm-none-eabi/10.3.1/thumb/v7e-m+fp/hard\libgcc.a(_arm_addsubdf3.o)
                0x080001c8                __aeabi_drsub
                0x080001d0                __aeabi_dsub
                0x080001d0                __subdf3
                0x080001d4                __aeabi_dadd
                0x080001d4                __adddf3
                0x0800044c                __floatunsidf
                0x0800044c                __aeabi_ui2d
                0x0800046c                __floatsidf
                0x0800046c                __aeabi_i2d
                0x08000490                __aeabi_f2d
                0x08000490                __extendsfdf2
                0x080004d4                __floatundidf
                0x080004d4                __aeabi_ul2d
                0x080004e4                __floatdidf
                0x080004e4                __aeabi_l2d
 .text          0x08000540      0x424 d:/gcc-ar~1/102021~1.10/bin/../lib/gcc/arm-none-eabi/10.3.1/thumb/v7e-m+fp/hard\libgcc.a(_arm_muldivdf3.o)
                0x08000540                __aeabi_dmul
                0x08000540                __muldf3
                0x08000794                __divdf3
                0x08000794                __aeabi_ddiv
 .text          0x08000964      0x110 d:/gcc-ar~1/102021~1.10/bin/../lib/gcc/arm-none-eabi/10.3.1/thumb/v7e-m+fp/hard\libgcc.a(_arm_cmpdf2.o)
                0x08000964                __gtdf2
                0x08000964                __gedf2
                0x0800096c                __ltdf2
                0x0800096c                __ledf2
                0x08000974                __nedf2
                0x08000974                __eqdf2
                0x08000974                __cmpdf2
                0x080009f0                __aeabi_cdrcmple
                0x08000a00                __aeabi_cdcmpeq
                0x08000a00                __aeabi_cdcmple
                0x08000a10                __aeabi_dcmpeq
                0x08000a24                __aeabi_dcmplt
                0x08000a38                __aeabi_dcmple
                0x08000a4c                __aeabi_dcmpge
                0x08000a60                __aeabi_dcmpgt
 .text          0x08000a74       0x2c d:/gcc-ar~1/102021~1.10/bin/../lib/gcc/arm-none-eabi/10.3.1/thumb/v7e-m+fp/hard\libgcc.a(_arm_unorddf2.o)
                0x08000a74                __unorddf2
                0x08000a74                __aeabi_dcmpun
 .text          0x08000aa0       0xa0 d:/gcc-ar~1/102021~1.10/bin/../lib/gcc/arm-none-eabi/10.3.1/thumb/v7e-m+fp/hard\libgcc.a(_arm_truncdfsf2.o)
                0x08000aa0                __truncdfsf2
                0x08000aa0                __aeabi_d2f
 .text          0x08000b40       0xa0 d:/gcc-ar~1/102021~1.10/bin/../lib/gcc/arm-none-eabi/10.3.1/thumb/v7e-m+fp/hard\libgcc.a(_aeabi_ldivmod.o)
                0x08000b40                __aeabi_ldivmod
 .text          0x08000be0       0x30 d:/gcc-ar~1/102021~1.10/bin/../lib/gcc/arm-none-eabi/10.3.1/thumb/v7e-m+fp/hard\libgcc.a(_aeabi_uldivmod.o)
                0x08000be0                __aeabi_uldivmod
 .text          0x08000c10      0x2d0 d:/gcc-ar~1/102021~1.10/bin/../lib/gcc/arm-none-eabi/10.3.1/thumb/v7e-m+fp/hard\libgcc.a(_udivmoddi4.o)
                0x08000c10                __udivmoddi4
 .text          0x08000ee0        0x4 d:/gcc-ar~1/102021~1.10/bin/../lib/gcc/arm-none-eabi/10.3.1/thumb/v7e-m+fp/hard\libgcc.a(_dvmd_tls.o)
                0x08000ee0                __aeabi_idiv0
                0x08000ee0                __aeabi_ldiv0
 *(.text*)
 .text._ZN5motorC2EP12GPIO_TypeDefttP17TIM_HandleTypeDefmS3_b
                0x08000ee4       0x50 CMakeFiles/blance_car.dir/Core/Driver/MOTOR/motor.cpp.obj
                0x08000ee4                motor::motor(GPIO_TypeDef*, unsigned short, unsigned short, TIM_HandleTypeDef*, unsigned long, TIM_HandleTypeDef*, bool)
                0x08000ee4                motor::motor(GPIO_TypeDef*, unsigned short, unsigned short, TIM_HandleTypeDef*, unsigned long, TIM_HandleTypeDef*, bool)
 .text._ZN5motor9front_runEv
                0x08000f34       0x30 CMakeFiles/blance_car.dir/Core/Driver/MOTOR/motor.cpp.obj
                0x08000f34                motor::front_run()
 .text._ZN5motor8back_runEv
                0x08000f64       0x30 CMakeFiles/blance_car.dir/Core/Driver/MOTOR/motor.cpp.obj
                0x08000f64                motor::back_run()
 .text._ZN5motor6SetPwmEi
                0x08000f94       0xc6 CMakeFiles/blance_car.dir/Core/Driver/MOTOR/motor.cpp.obj
                0x08000f94                motor::SetPwm(int)
 .text._ZN5motor6GetPosEv
                0x0800105a       0x6e CMakeFiles/blance_car.dir/Core/Driver/MOTOR/motor.cpp.obj
                0x0800105a                motor::GetPos()
 .text._ZN5motor5clearEv
                0x080010c8       0x36 CMakeFiles/blance_car.dir/Core/Driver/MOTOR/motor.cpp.obj
                0x080010c8                motor::clear()
 .text._ZN5motor4InitEv
                0x080010fe       0x32 CMakeFiles/blance_car.dir/Core/Driver/MOTOR/motor.cpp.obj
                0x080010fe                motor::Init()
 .text._Z41__static_initialization_and_destruction_0ii
                0x08001130       0x7c CMakeFiles/blance_car.dir/Core/Driver/MOTOR/motor.cpp.obj
 .text._GLOBAL__sub_I__ZN5motor9front_runEv
                0x080011ac       0x10 CMakeFiles/blance_car.dir/Core/Driver/MOTOR/motor.cpp.obj
 .text.inv_row_2_scale
                0x080011bc       0x82 CMakeFiles/blance_car.dir/Core/Driver/MPU6050/MPU6050.c.obj
 .text.inv_orientation_matrix_to_scalar
                0x0800123e       0x50 CMakeFiles/blance_car.dir/Core/Driver/MPU6050/MPU6050.c.obj
 .text.run_self_test
                0x0800128e       0xd6 CMakeFiles/blance_car.dir/Core/Driver/MPU6050/MPU6050.c.obj
 .text.MPU6050_DMP_Init
                0x08001364       0xe4 CMakeFiles/blance_car.dir/Core/Driver/MPU6050/MPU6050.c.obj
                0x08001364                MPU6050_DMP_Init
 .text.MPU6050_DMP_Get_Data
                0x08001448      0x25c CMakeFiles/blance_car.dir/Core/Driver/MPU6050/MPU6050.c.obj
                0x08001448                MPU6050_DMP_Get_Data
 .text.set_int_enable
                0x080016a4       0xe0 CMakeFiles/blance_car.dir/Core/Driver/MPU6050/inv_mpu.c.obj
 .text.mpu_init
                0x08001784      0x264 CMakeFiles/blance_car.dir/Core/Driver/MPU6050/inv_mpu.c.obj
                0x08001784                mpu_init
 .text.mpu_lp_accel_mode
                0x080019e8      0x124 CMakeFiles/blance_car.dir/Core/Driver/MPU6050/inv_mpu.c.obj
                0x080019e8                mpu_lp_accel_mode
 .text.mpu_reset_fifo
                0x08001b0c      0x2f8 CMakeFiles/blance_car.dir/Core/Driver/MPU6050/inv_mpu.c.obj
                0x08001b0c                mpu_reset_fifo
 .text.mpu_get_gyro_fsr
                0x08001e04       0x68 CMakeFiles/blance_car.dir/Core/Driver/MPU6050/inv_mpu.c.obj
                0x08001e04                mpu_get_gyro_fsr
 .text.mpu_set_gyro_fsr
                0x08001e6c       0xc0 CMakeFiles/blance_car.dir/Core/Driver/MPU6050/inv_mpu.c.obj
                0x08001e6c                mpu_set_gyro_fsr
 .text.mpu_get_accel_fsr
                0x08001f2c       0x74 CMakeFiles/blance_car.dir/Core/Driver/MPU6050/inv_mpu.c.obj
                0x08001f2c                mpu_get_accel_fsr
 .text.mpu_set_accel_fsr
                0x08001fa0       0xe8 CMakeFiles/blance_car.dir/Core/Driver/MPU6050/inv_mpu.c.obj
                0x08001fa0                mpu_set_accel_fsr
 .text.mpu_get_lpf
                0x08002088       0x7c CMakeFiles/blance_car.dir/Core/Driver/MPU6050/inv_mpu.c.obj
                0x08002088                mpu_get_lpf
 .text.mpu_set_lpf
                0x08002104       0xb4 CMakeFiles/blance_car.dir/Core/Driver/MPU6050/inv_mpu.c.obj
                0x08002104                mpu_set_lpf
 .text.mpu_get_sample_rate
                0x080021b8       0x34 CMakeFiles/blance_car.dir/Core/Driver/MPU6050/inv_mpu.c.obj
                0x080021b8                mpu_get_sample_rate
 .text.mpu_set_sample_rate
                0x080021ec       0xe4 CMakeFiles/blance_car.dir/Core/Driver/MPU6050/inv_mpu.c.obj
                0x080021ec                mpu_set_sample_rate
 .text.mpu_get_gyro_sens
                0x080022d0       0x70 CMakeFiles/blance_car.dir/Core/Driver/MPU6050/inv_mpu.c.obj
                0x080022d0                mpu_get_gyro_sens
 .text.mpu_get_accel_sens
                0x08002340       0x7c CMakeFiles/blance_car.dir/Core/Driver/MPU6050/inv_mpu.c.obj
                0x08002340                mpu_get_accel_sens
 .text.mpu_get_fifo_config
                0x080023bc       0x24 CMakeFiles/blance_car.dir/Core/Driver/MPU6050/inv_mpu.c.obj
                0x080023bc                mpu_get_fifo_config
 .text.mpu_configure_fifo
                0x080023e0       0xa4 CMakeFiles/blance_car.dir/Core/Driver/MPU6050/inv_mpu.c.obj
                0x080023e0                mpu_configure_fifo
 .text.mpu_set_sensors
                0x08002484      0x138 CMakeFiles/blance_car.dir/Core/Driver/MPU6050/inv_mpu.c.obj
                0x08002484                mpu_set_sensors
 .text.mpu_read_fifo_stream
                0x080025bc      0x13c CMakeFiles/blance_car.dir/Core/Driver/MPU6050/inv_mpu.c.obj
                0x080025bc                mpu_read_fifo_stream
 .text.mpu_set_bypass
                0x080026f8      0x208 CMakeFiles/blance_car.dir/Core/Driver/MPU6050/inv_mpu.c.obj
                0x080026f8                mpu_set_bypass
 .text.mpu_set_int_latched
                0x08002900       0xa0 CMakeFiles/blance_car.dir/Core/Driver/MPU6050/inv_mpu.c.obj
                0x08002900                mpu_set_int_latched
 .text.get_accel_prod_shift
                0x080029a0      0x134 CMakeFiles/blance_car.dir/Core/Driver/MPU6050/inv_mpu.c.obj
 .text.accel_self_test
                0x08002ad4      0x108 CMakeFiles/blance_car.dir/Core/Driver/MPU6050/inv_mpu.c.obj
 .text.gyro_self_test
                0x08002bdc      0x194 CMakeFiles/blance_car.dir/Core/Driver/MPU6050/inv_mpu.c.obj
 .text.get_st_biases
                0x08002d70      0x830 CMakeFiles/blance_car.dir/Core/Driver/MPU6050/inv_mpu.c.obj
 .text.mpu_run_self_test
                0x080035a0      0x1a8 CMakeFiles/blance_car.dir/Core/Driver/MPU6050/inv_mpu.c.obj
                0x080035a0                mpu_run_self_test
 .text.mpu_write_mem
                0x08003748       0xd0 CMakeFiles/blance_car.dir/Core/Driver/MPU6050/inv_mpu.c.obj
                0x08003748                mpu_write_mem
 .text.mpu_read_mem
                0x08003818       0xd0 CMakeFiles/blance_car.dir/Core/Driver/MPU6050/inv_mpu.c.obj
                0x08003818                mpu_read_mem
 .text.mpu_load_firmware
                0x080038e8      0x114 CMakeFiles/blance_car.dir/Core/Driver/MPU6050/inv_mpu.c.obj
                0x080038e8                mpu_load_firmware
 .text.mpu_set_dmp_state
                0x080039fc       0xd0 CMakeFiles/blance_car.dir/Core/Driver/MPU6050/inv_mpu.c.obj
                0x080039fc                mpu_set_dmp_state
 .text.dmp_load_motion_driver_firmware
                0x08003acc       0x20 CMakeFiles/blance_car.dir/Core/Driver/MPU6050/inv_mpu_dmp_motion_driver.c.obj
                0x08003acc                dmp_load_motion_driver_firmware
 .text.dmp_set_orientation
                0x08003aec      0x1d8 CMakeFiles/blance_car.dir/Core/Driver/MPU6050/inv_mpu_dmp_motion_driver.c.obj
                0x08003aec                dmp_set_orientation
 .text.dmp_set_gyro_bias
                0x08003cc4      0x214 CMakeFiles/blance_car.dir/Core/Driver/MPU6050/inv_mpu_dmp_motion_driver.c.obj
                0x08003cc4                dmp_set_gyro_bias
 .text.dmp_set_accel_bias
                0x08003ed8      0x208 CMakeFiles/blance_car.dir/Core/Driver/MPU6050/inv_mpu_dmp_motion_driver.c.obj
                0x08003ed8                dmp_set_accel_bias
 .text.dmp_set_fifo_rate
                0x080040e0       0x90 CMakeFiles/blance_car.dir/Core/Driver/MPU6050/inv_mpu_dmp_motion_driver.c.obj
                0x080040e0                dmp_set_fifo_rate
 .text.dmp_set_tap_thresh
                0x08004170      0x26c CMakeFiles/blance_car.dir/Core/Driver/MPU6050/inv_mpu_dmp_motion_driver.c.obj
                0x08004170                dmp_set_tap_thresh
 .text.dmp_set_tap_axes
                0x080043dc       0x64 CMakeFiles/blance_car.dir/Core/Driver/MPU6050/inv_mpu_dmp_motion_driver.c.obj
                0x080043dc                dmp_set_tap_axes
 .text.dmp_set_tap_count
                0x08004440       0x42 CMakeFiles/blance_car.dir/Core/Driver/MPU6050/inv_mpu_dmp_motion_driver.c.obj
                0x08004440                dmp_set_tap_count
 *fill*         0x08004482        0x2 
 .text.dmp_set_tap_time
                0x08004484       0x44 CMakeFiles/blance_car.dir/Core/Driver/MPU6050/inv_mpu_dmp_motion_driver.c.obj
                0x08004484                dmp_set_tap_time
 .text.dmp_set_tap_time_multi
                0x080044c8       0x44 CMakeFiles/blance_car.dir/Core/Driver/MPU6050/inv_mpu_dmp_motion_driver.c.obj
                0x080044c8                dmp_set_tap_time_multi
 .text.dmp_set_shake_reject_thresh
                0x0800450c       0x60 CMakeFiles/blance_car.dir/Core/Driver/MPU6050/inv_mpu_dmp_motion_driver.c.obj
                0x0800450c                dmp_set_shake_reject_thresh
 .text.dmp_set_shake_reject_time
                0x0800456c       0x44 CMakeFiles/blance_car.dir/Core/Driver/MPU6050/inv_mpu_dmp_motion_driver.c.obj
                0x0800456c                dmp_set_shake_reject_time
 .text.dmp_set_shake_reject_timeout
                0x080045b0       0x44 CMakeFiles/blance_car.dir/Core/Driver/MPU6050/inv_mpu_dmp_motion_driver.c.obj
                0x080045b0                dmp_set_shake_reject_timeout
 .text.dmp_enable_feature
                0x080045f4      0x250 CMakeFiles/blance_car.dir/Core/Driver/MPU6050/inv_mpu_dmp_motion_driver.c.obj
                0x080045f4                dmp_enable_feature
 .text.dmp_enable_gyro_cal
                0x08004844       0x60 CMakeFiles/blance_car.dir/Core/Driver/MPU6050/inv_mpu_dmp_motion_driver.c.obj
                0x08004844                dmp_enable_gyro_cal
 .text.dmp_enable_lp_quat
                0x080048a4       0x4e CMakeFiles/blance_car.dir/Core/Driver/MPU6050/inv_mpu_dmp_motion_driver.c.obj
                0x080048a4                dmp_enable_lp_quat
 .text.dmp_enable_6x_lp_quat
                0x080048f2       0x4e CMakeFiles/blance_car.dir/Core/Driver/MPU6050/inv_mpu_dmp_motion_driver.c.obj
                0x080048f2                dmp_enable_6x_lp_quat
 .text.decode_gesture
                0x08004940       0x88 CMakeFiles/blance_car.dir/Core/Driver/MPU6050/inv_mpu_dmp_motion_driver.c.obj
 .text.dmp_read_fifo
                0x080049c8      0x2dc CMakeFiles/blance_car.dir/Core/Driver/MPU6050/inv_mpu_dmp_motion_driver.c.obj
                0x080049c8                dmp_read_fifo
 .text._Z13OLED_I2C_Initv
                0x08004ca4        0xe CMakeFiles/blance_car.dir/Core/Driver/OLED/oled.cpp.obj
                0x08004ca4                OLED_I2C_Init()
 *fill*         0x08004cb2        0x2 
 .text._Z14OLED_I2C_Startv
                0x08004cb4       0x3c CMakeFiles/blance_car.dir/Core/Driver/OLED/oled.cpp.obj
                0x08004cb4                OLED_I2C_Start()
 .text._Z13OLED_I2C_Stopv
                0x08004cf0       0x30 CMakeFiles/blance_car.dir/Core/Driver/OLED/oled.cpp.obj
                0x08004cf0                OLED_I2C_Stop()
 .text._Z17OLED_I2C_SendByteh
                0x08004d20       0x78 CMakeFiles/blance_car.dir/Core/Driver/OLED/oled.cpp.obj
                0x08004d20                OLED_I2C_SendByte(unsigned char)
 .text._Z17OLED_WriteCommandh
                0x08004d98       0x2e CMakeFiles/blance_car.dir/Core/Driver/OLED/oled.cpp.obj
                0x08004d98                OLED_WriteCommand(unsigned char)
 .text._Z14OLED_WriteDatah
                0x08004dc6       0x2e CMakeFiles/blance_car.dir/Core/Driver/OLED/oled.cpp.obj
                0x08004dc6                OLED_WriteData(unsigned char)
 .text._Z14OLED_SetCursorhh
                0x08004df4       0x46 CMakeFiles/blance_car.dir/Core/Driver/OLED/oled.cpp.obj
                0x08004df4                OLED_SetCursor(unsigned char, unsigned char)
 .text._Z10OLED_Clearv
                0x08004e3a       0x44 CMakeFiles/blance_car.dir/Core/Driver/OLED/oled.cpp.obj
                0x08004e3a                OLED_Clear()
 *fill*         0x08004e7e        0x2 
 .text._Z13OLED_ShowCharhhc
                0x08004e80       0xb0 CMakeFiles/blance_car.dir/Core/Driver/OLED/oled.cpp.obj
                0x08004e80                OLED_ShowChar(unsigned char, unsigned char, char)
 .text._Z15OLED_ShowStringhhPc
                0x08004f30       0x48 CMakeFiles/blance_car.dir/Core/Driver/OLED/oled.cpp.obj
                0x08004f30                OLED_ShowString(unsigned char, unsigned char, char*)
 .text._Z9OLED_Initv
                0x08004f78       0xc8 CMakeFiles/blance_car.dir/Core/Driver/OLED/oled.cpp.obj
                0x08004f78                OLED_Init()
 .text._ZN3pidC2Efff
                0x08005040       0x34 CMakeFiles/blance_car.dir/Core/Driver/PID/pid.cpp.obj
                0x08005040                pid::pid(float, float, float)
                0x08005040                pid::pid(float, float, float)
 .text._Z5limitfRff
                0x08005074       0x5c CMakeFiles/blance_car.dir/Core/Driver/PID/pid.cpp.obj
                0x08005074                limit(float, float&, float)
 .text._ZN3pid6UpdateEff
                0x080050d0       0xa6 CMakeFiles/blance_car.dir/Core/Driver/PID/pid.cpp.obj
                0x080050d0                pid::Update(float, float)
 *fill*         0x08005176        0x2 
 .text._ZN3pid6UpdateEfff
                0x08005178       0xc8 CMakeFiles/blance_car.dir/Core/Driver/PID/pid.cpp.obj
                0x08005178                pid::Update(float, float, float)
 .text._Z41__static_initialization_and_destruction_0ii
                0x08005240       0x60 CMakeFiles/blance_car.dir/Core/Driver/PID/pid.cpp.obj
 .text._GLOBAL__sub_I__Z5limitfRff
                0x080052a0       0x10 CMakeFiles/blance_car.dir/Core/Driver/PID/pid.cpp.obj
 .text.HAL_TIM_PeriodElapsedCallback
                0x080052b0      0x118 CMakeFiles/blance_car.dir/Core/Own/IT.cpp.obj
                0x080052b0                HAL_TIM_PeriodElapsedCallback
 .text.main     0x080053c8       0xc8 CMakeFiles/blance_car.dir/Core/Own/main.cpp.obj
                0x080053c8                main
 .text.SystemClock_Config
                0x08005490       0xe8 CMakeFiles/blance_car.dir/Core/Own/main.cpp.obj
                0x08005490                SystemClock_Config
 .text.Error_Handler
                0x08005578        0xa CMakeFiles/blance_car.dir/Core/Own/main.cpp.obj
                0x08005578                Error_Handler
 *fill*         0x08005582        0x2 
 .text.MX_GPIO_Init
                0x08005584      0x10c CMakeFiles/blance_car.dir/Core/Src/gpio.c.obj
                0x08005584                MX_GPIO_Init
 .text.MX_I2C1_Init
                0x08005690       0x5c CMakeFiles/blance_car.dir/Core/Src/i2c.c.obj
                0x08005690                MX_I2C1_Init
 .text.HAL_I2C_MspInit
                0x080056ec       0x90 CMakeFiles/blance_car.dir/Core/Src/i2c.c.obj
                0x080056ec                HAL_I2C_MspInit
 .text.MX_TIM3_Init
                0x0800577c       0xa8 CMakeFiles/blance_car.dir/Core/Src/tim.c.obj
                0x0800577c                MX_TIM3_Init
 .text.MX_TIM4_Init
                0x08005824       0xa8 CMakeFiles/blance_car.dir/Core/Src/tim.c.obj
                0x08005824                MX_TIM4_Init
 .text.MX_TIM5_Init
                0x080058cc       0xc8 CMakeFiles/blance_car.dir/Core/Src/tim.c.obj
                0x080058cc                MX_TIM5_Init
 .text.MX_TIM6_Init
                0x08005994       0x6c CMakeFiles/blance_car.dir/Core/Src/tim.c.obj
                0x08005994                MX_TIM6_Init
 .text.HAL_TIM_Encoder_MspInit
                0x08005a00       0xfc CMakeFiles/blance_car.dir/Core/Src/tim.c.obj
                0x08005a00                HAL_TIM_Encoder_MspInit
 .text.HAL_TIM_PWM_MspInit
                0x08005afc       0x44 CMakeFiles/blance_car.dir/Core/Src/tim.c.obj
                0x08005afc                HAL_TIM_PWM_MspInit
 .text.HAL_TIM_Base_MspInit
                0x08005b40       0x50 CMakeFiles/blance_car.dir/Core/Src/tim.c.obj
                0x08005b40                HAL_TIM_Base_MspInit
 .text.HAL_TIM_MspPostInit
                0x08005b90       0x74 CMakeFiles/blance_car.dir/Core/Src/tim.c.obj
                0x08005b90                HAL_TIM_MspPostInit
 .text.NMI_Handler
                0x08005c04        0x6 CMakeFiles/blance_car.dir/Core/Src/stm32f4xx_it.c.obj
                0x08005c04                NMI_Handler
 .text.HardFault_Handler
                0x08005c0a        0x6 CMakeFiles/blance_car.dir/Core/Src/stm32f4xx_it.c.obj
                0x08005c0a                HardFault_Handler
 .text.MemManage_Handler
                0x08005c10        0x6 CMakeFiles/blance_car.dir/Core/Src/stm32f4xx_it.c.obj
                0x08005c10                MemManage_Handler
 .text.BusFault_Handler
                0x08005c16        0x6 CMakeFiles/blance_car.dir/Core/Src/stm32f4xx_it.c.obj
                0x08005c16                BusFault_Handler
 .text.UsageFault_Handler
                0x08005c1c        0x6 CMakeFiles/blance_car.dir/Core/Src/stm32f4xx_it.c.obj
                0x08005c1c                UsageFault_Handler
 .text.SVC_Handler
                0x08005c22        0xe CMakeFiles/blance_car.dir/Core/Src/stm32f4xx_it.c.obj
                0x08005c22                SVC_Handler
 .text.DebugMon_Handler
                0x08005c30        0xe CMakeFiles/blance_car.dir/Core/Src/stm32f4xx_it.c.obj
                0x08005c30                DebugMon_Handler
 .text.PendSV_Handler
                0x08005c3e        0xe CMakeFiles/blance_car.dir/Core/Src/stm32f4xx_it.c.obj
                0x08005c3e                PendSV_Handler
 .text.SysTick_Handler
                0x08005c4c        0xc CMakeFiles/blance_car.dir/Core/Src/stm32f4xx_it.c.obj
                0x08005c4c                SysTick_Handler
 .text.TIM6_DAC_IRQHandler
                0x08005c58       0x14 CMakeFiles/blance_car.dir/Core/Src/stm32f4xx_it.c.obj
                0x08005c58                TIM6_DAC_IRQHandler
 .text.HAL_MspInit
                0x08005c6c       0x50 CMakeFiles/blance_car.dir/Core/Src/stm32f4xx_hal_msp.c.obj
                0x08005c6c                HAL_MspInit
 .text.HAL_I2C_Init
                0x08005cbc      0x288 CMakeFiles/blance_car.dir/Drivers/STM32F4xx_HAL_Driver/Src/stm32f4xx_hal_i2c.c.obj
                0x08005cbc                HAL_I2C_Init
 .text.HAL_I2C_Mem_Write
                0x08005f44      0x1f4 CMakeFiles/blance_car.dir/Drivers/STM32F4xx_HAL_Driver/Src/stm32f4xx_hal_i2c.c.obj
                0x08005f44                HAL_I2C_Mem_Write
 .text.HAL_I2C_Mem_Read
                0x08006138      0x464 CMakeFiles/blance_car.dir/Drivers/STM32F4xx_HAL_Driver/Src/stm32f4xx_hal_i2c.c.obj
                0x08006138                HAL_I2C_Mem_Read
 .text.I2C_RequestMemoryWrite
                0x0800659c      0x12c CMakeFiles/blance_car.dir/Drivers/STM32F4xx_HAL_Driver/Src/stm32f4xx_hal_i2c.c.obj
 .text.I2C_RequestMemoryRead
                0x080066c8      0x1d0 CMakeFiles/blance_car.dir/Drivers/STM32F4xx_HAL_Driver/Src/stm32f4xx_hal_i2c.c.obj
 .text.I2C_WaitOnFlagUntilTimeout
                0x08006898       0xf4 CMakeFiles/blance_car.dir/Drivers/STM32F4xx_HAL_Driver/Src/stm32f4xx_hal_i2c.c.obj
 .text.I2C_WaitOnMasterAddressFlagUntilTimeout
                0x0800698c      0x140 CMakeFiles/blance_car.dir/Drivers/STM32F4xx_HAL_Driver/Src/stm32f4xx_hal_i2c.c.obj
 .text.I2C_WaitOnTXEFlagUntilTimeout
                0x08006acc       0x90 CMakeFiles/blance_car.dir/Drivers/STM32F4xx_HAL_Driver/Src/stm32f4xx_hal_i2c.c.obj
 .text.I2C_WaitOnBTFFlagUntilTimeout
                0x08006b5c       0x90 CMakeFiles/blance_car.dir/Drivers/STM32F4xx_HAL_Driver/Src/stm32f4xx_hal_i2c.c.obj
 .text.I2C_WaitOnRXNEFlagUntilTimeout
                0x08006bec       0xba CMakeFiles/blance_car.dir/Drivers/STM32F4xx_HAL_Driver/Src/stm32f4xx_hal_i2c.c.obj
 .text.I2C_IsAcknowledgeFailed
                0x08006ca6       0x5e CMakeFiles/blance_car.dir/Drivers/STM32F4xx_HAL_Driver/Src/stm32f4xx_hal_i2c.c.obj
 .text.HAL_RCC_OscConfig
                0x08006d04      0x4f0 CMakeFiles/blance_car.dir/Drivers/STM32F4xx_HAL_Driver/Src/stm32f4xx_hal_rcc.c.obj
                0x08006d04                HAL_RCC_OscConfig
 .text.HAL_RCC_ClockConfig
                0x080071f4      0x1cc CMakeFiles/blance_car.dir/Drivers/STM32F4xx_HAL_Driver/Src/stm32f4xx_hal_rcc.c.obj
                0x080071f4                HAL_RCC_ClockConfig
 .text.HAL_RCC_GetSysClockFreq
                0x080073c0      0x20c CMakeFiles/blance_car.dir/Drivers/STM32F4xx_HAL_Driver/Src/stm32f4xx_hal_rcc.c.obj
                0x080073c0                HAL_RCC_GetSysClockFreq
 .text.HAL_RCC_GetHCLKFreq
                0x080075cc       0x18 CMakeFiles/blance_car.dir/Drivers/STM32F4xx_HAL_Driver/Src/stm32f4xx_hal_rcc.c.obj
                0x080075cc                HAL_RCC_GetHCLKFreq
 .text.HAL_RCC_GetPCLK1Freq
                0x080075e4       0x28 CMakeFiles/blance_car.dir/Drivers/STM32F4xx_HAL_Driver/Src/stm32f4xx_hal_rcc.c.obj
                0x080075e4                HAL_RCC_GetPCLK1Freq
 .text.HAL_GPIO_Init
                0x0800760c      0x338 CMakeFiles/blance_car.dir/Drivers/STM32F4xx_HAL_Driver/Src/stm32f4xx_hal_gpio.c.obj
                0x0800760c                HAL_GPIO_Init
 .text.HAL_GPIO_WritePin
                0x08007944       0x32 CMakeFiles/blance_car.dir/Drivers/STM32F4xx_HAL_Driver/Src/stm32f4xx_hal_gpio.c.obj
                0x08007944                HAL_GPIO_WritePin
 *fill*         0x08007976        0x2 
 .text.__NVIC_SetPriorityGrouping
                0x08007978       0x48 CMakeFiles/blance_car.dir/Drivers/STM32F4xx_HAL_Driver/Src/stm32f4xx_hal_cortex.c.obj
 .text.__NVIC_GetPriorityGrouping
                0x080079c0       0x1c CMakeFiles/blance_car.dir/Drivers/STM32F4xx_HAL_Driver/Src/stm32f4xx_hal_cortex.c.obj
 .text.__NVIC_EnableIRQ
                0x080079dc       0x3c CMakeFiles/blance_car.dir/Drivers/STM32F4xx_HAL_Driver/Src/stm32f4xx_hal_cortex.c.obj
 .text.__NVIC_SetPriority
                0x08007a18       0x54 CMakeFiles/blance_car.dir/Drivers/STM32F4xx_HAL_Driver/Src/stm32f4xx_hal_cortex.c.obj
 .text.NVIC_EncodePriority
                0x08007a6c       0x66 CMakeFiles/blance_car.dir/Drivers/STM32F4xx_HAL_Driver/Src/stm32f4xx_hal_cortex.c.obj
 *fill*         0x08007ad2        0x2 
 .text.SysTick_Config
                0x08007ad4       0x44 CMakeFiles/blance_car.dir/Drivers/STM32F4xx_HAL_Driver/Src/stm32f4xx_hal_cortex.c.obj
 .text.HAL_NVIC_SetPriorityGrouping
                0x08007b18       0x16 CMakeFiles/blance_car.dir/Drivers/STM32F4xx_HAL_Driver/Src/stm32f4xx_hal_cortex.c.obj
                0x08007b18                HAL_NVIC_SetPriorityGrouping
 .text.HAL_NVIC_SetPriority
                0x08007b2e       0x38 CMakeFiles/blance_car.dir/Drivers/STM32F4xx_HAL_Driver/Src/stm32f4xx_hal_cortex.c.obj
                0x08007b2e                HAL_NVIC_SetPriority
 .text.HAL_NVIC_EnableIRQ
                0x08007b66       0x1c CMakeFiles/blance_car.dir/Drivers/STM32F4xx_HAL_Driver/Src/stm32f4xx_hal_cortex.c.obj
                0x08007b66                HAL_NVIC_EnableIRQ
 .text.HAL_SYSTICK_Config
                0x08007b82       0x18 CMakeFiles/blance_car.dir/Drivers/STM32F4xx_HAL_Driver/Src/stm32f4xx_hal_cortex.c.obj
                0x08007b82                HAL_SYSTICK_Config
 *fill*         0x08007b9a        0x2 
 .text.HAL_Init
                0x08007b9c       0x44 CMakeFiles/blance_car.dir/Drivers/STM32F4xx_HAL_Driver/Src/stm32f4xx_hal.c.obj
                0x08007b9c                HAL_Init
 .text.HAL_InitTick
                0x08007be0       0x60 CMakeFiles/blance_car.dir/Drivers/STM32F4xx_HAL_Driver/Src/stm32f4xx_hal.c.obj
                0x08007be0                HAL_InitTick
 .text.HAL_IncTick
                0x08007c40       0x28 CMakeFiles/blance_car.dir/Drivers/STM32F4xx_HAL_Driver/Src/stm32f4xx_hal.c.obj
                0x08007c40                HAL_IncTick
 .text.HAL_GetTick
                0x08007c68       0x18 CMakeFiles/blance_car.dir/Drivers/STM32F4xx_HAL_Driver/Src/stm32f4xx_hal.c.obj
                0x08007c68                HAL_GetTick
 .text.HAL_Delay
                0x08007c80       0x48 CMakeFiles/blance_car.dir/Drivers/STM32F4xx_HAL_Driver/Src/stm32f4xx_hal.c.obj
                0x08007c80                HAL_Delay
 .text.HAL_TIM_Base_Init
                0x08007cc8       0x9e CMakeFiles/blance_car.dir/Drivers/STM32F4xx_HAL_Driver/Src/stm32f4xx_hal_tim.c.obj
                0x08007cc8                HAL_TIM_Base_Init
 *fill*         0x08007d66        0x2 
 .text.HAL_TIM_Base_Start_IT
                0x08007d68       0xe0 CMakeFiles/blance_car.dir/Drivers/STM32F4xx_HAL_Driver/Src/stm32f4xx_hal_tim.c.obj
                0x08007d68                HAL_TIM_Base_Start_IT
 .text.HAL_TIM_PWM_Init
                0x08007e48       0x9e CMakeFiles/blance_car.dir/Drivers/STM32F4xx_HAL_Driver/Src/stm32f4xx_hal_tim.c.obj
                0x08007e48                HAL_TIM_PWM_Init
 *fill*         0x08007ee6        0x2 
 .text.HAL_TIM_PWM_Start
                0x08007ee8      0x190 CMakeFiles/blance_car.dir/Drivers/STM32F4xx_HAL_Driver/Src/stm32f4xx_hal_tim.c.obj
                0x08007ee8                HAL_TIM_PWM_Start
 .text.HAL_TIM_Encoder_Init
                0x08008078      0x14c CMakeFiles/blance_car.dir/Drivers/STM32F4xx_HAL_Driver/Src/stm32f4xx_hal_tim.c.obj
                0x08008078                HAL_TIM_Encoder_Init
 .text.HAL_TIM_Encoder_Start
                0x080081c4      0x11c CMakeFiles/blance_car.dir/Drivers/STM32F4xx_HAL_Driver/Src/stm32f4xx_hal_tim.c.obj
                0x080081c4                HAL_TIM_Encoder_Start
 .text.HAL_TIM_IRQHandler
                0x080082e0      0x1e0 CMakeFiles/blance_car.dir/Drivers/STM32F4xx_HAL_Driver/Src/stm32f4xx_hal_tim.c.obj
                0x080082e0                HAL_TIM_IRQHandler
 .text.HAL_TIM_PWM_ConfigChannel
                0x080084c0      0x184 CMakeFiles/blance_car.dir/Drivers/STM32F4xx_HAL_Driver/Src/stm32f4xx_hal_tim.c.obj
                0x080084c0                HAL_TIM_PWM_ConfigChannel
 .text.HAL_TIM_OC_DelayElapsedCallback
                0x08008644       0x14 CMakeFiles/blance_car.dir/Drivers/STM32F4xx_HAL_Driver/Src/stm32f4xx_hal_tim.c.obj
                0x08008644                HAL_TIM_OC_DelayElapsedCallback
 .text.HAL_TIM_IC_CaptureCallback
                0x08008658       0x14 CMakeFiles/blance_car.dir/Drivers/STM32F4xx_HAL_Driver/Src/stm32f4xx_hal_tim.c.obj
                0x08008658                HAL_TIM_IC_CaptureCallback
 .text.HAL_TIM_PWM_PulseFinishedCallback
                0x0800866c       0x14 CMakeFiles/blance_car.dir/Drivers/STM32F4xx_HAL_Driver/Src/stm32f4xx_hal_tim.c.obj
                0x0800866c                HAL_TIM_PWM_PulseFinishedCallback
 .text.HAL_TIM_TriggerCallback
                0x08008680       0x14 CMakeFiles/blance_car.dir/Drivers/STM32F4xx_HAL_Driver/Src/stm32f4xx_hal_tim.c.obj
                0x08008680                HAL_TIM_TriggerCallback
 .text.TIM_Base_SetConfig
                0x08008694      0x158 CMakeFiles/blance_car.dir/Drivers/STM32F4xx_HAL_Driver/Src/stm32f4xx_hal_tim.c.obj
                0x08008694                TIM_Base_SetConfig
 .text.TIM_OC1_SetConfig
                0x080087ec       0xe0 CMakeFiles/blance_car.dir/Drivers/STM32F4xx_HAL_Driver/Src/stm32f4xx_hal_tim.c.obj
 .text.TIM_OC2_SetConfig
                0x080088cc       0xec CMakeFiles/blance_car.dir/Drivers/STM32F4xx_HAL_Driver/Src/stm32f4xx_hal_tim.c.obj
                0x080088cc                TIM_OC2_SetConfig
 .text.TIM_OC3_SetConfig
                0x080089b8       0xe8 CMakeFiles/blance_car.dir/Drivers/STM32F4xx_HAL_Driver/Src/stm32f4xx_hal_tim.c.obj
 .text.TIM_OC4_SetConfig
                0x08008aa0       0xac CMakeFiles/blance_car.dir/Drivers/STM32F4xx_HAL_Driver/Src/stm32f4xx_hal_tim.c.obj
 .text.TIM_CCxChannelCmd
                0x08008b4c       0x4a CMakeFiles/blance_car.dir/Drivers/STM32F4xx_HAL_Driver/Src/stm32f4xx_hal_tim.c.obj
                0x08008b4c                TIM_CCxChannelCmd
 *fill*         0x08008b96        0x2 
 .text.HAL_TIMEx_MasterConfigSynchronization
                0x08008b98       0xf8 CMakeFiles/blance_car.dir/Drivers/STM32F4xx_HAL_Driver/Src/stm32f4xx_hal_tim_ex.c.obj
                0x08008b98                HAL_TIMEx_MasterConfigSynchronization
 .text.HAL_TIMEx_CommutCallback
                0x08008c90       0x14 CMakeFiles/blance_car.dir/Drivers/STM32F4xx_HAL_Driver/Src/stm32f4xx_hal_tim_ex.c.obj
                0x08008c90                HAL_TIMEx_CommutCallback
 .text.HAL_TIMEx_BreakCallback
                0x08008ca4       0x14 CMakeFiles/blance_car.dir/Drivers/STM32F4xx_HAL_Driver/Src/stm32f4xx_hal_tim_ex.c.obj
                0x08008ca4                HAL_TIMEx_BreakCallback
 .text.SystemInit
                0x08008cb8       0x24 CMakeFiles/blance_car.dir/Core/Src/system_stm32f4xx.c.obj
                0x08008cb8                SystemInit
 .text.Reset_Handler
                0x08008cdc       0x50 CMakeFiles/blance_car.dir/startup_stm32f407xx.s.obj
                0x08008cdc                Reset_Handler
 .text.Default_Handler
                0x08008d2c        0x2 CMakeFiles/blance_car.dir/startup_stm32f407xx.s.obj
                0x08008d2c                RTC_Alarm_IRQHandler
                0x08008d2c                HASH_RNG_IRQHandler
                0x08008d2c                EXTI2_IRQHandler
                0x08008d2c                TIM8_CC_IRQHandler
                0x08008d2c                TIM1_CC_IRQHandler
                0x08008d2c                DMA2_Stream5_IRQHandler
                0x08008d2c                DMA1_Stream5_IRQHandler
                0x08008d2c                PVD_IRQHandler
                0x08008d2c                SDIO_IRQHandler
                0x08008d2c                TAMP_STAMP_IRQHandler
                0x08008d2c                CAN2_RX1_IRQHandler
                0x08008d2c                EXTI3_IRQHandler
                0x08008d2c                TIM8_TRG_COM_TIM14_IRQHandler
                0x08008d2c                TIM1_UP_TIM10_IRQHandler
                0x08008d2c                TIM8_UP_TIM13_IRQHandler
                0x08008d2c                I2C3_ER_IRQHandler
                0x08008d2c                EXTI0_IRQHandler
                0x08008d2c                I2C2_EV_IRQHandler
                0x08008d2c                DMA1_Stream2_IRQHandler
                0x08008d2c                CAN1_RX0_IRQHandler
                0x08008d2c                FPU_IRQHandler
                0x08008d2c                OTG_HS_WKUP_IRQHandler
                0x08008d2c                CAN2_SCE_IRQHandler
                0x08008d2c                DMA2_Stream2_IRQHandler
                0x08008d2c                SPI1_IRQHandler
                0x08008d2c                TIM1_BRK_TIM9_IRQHandler
                0x08008d2c                DCMI_IRQHandler
                0x08008d2c                CAN2_RX0_IRQHandler
                0x08008d2c                DMA2_Stream3_IRQHandler
                0x08008d2c                USART6_IRQHandler
                0x08008d2c                USART3_IRQHandler
                0x08008d2c                CAN1_RX1_IRQHandler
                0x08008d2c                UART5_IRQHandler
                0x08008d2c                DMA2_Stream0_IRQHandler
                0x08008d2c                TIM4_IRQHandler
                0x08008d2c                I2C1_EV_IRQHandler
                0x08008d2c                DMA1_Stream6_IRQHandler
                0x08008d2c                DMA1_Stream1_IRQHandler
                0x08008d2c                UART4_IRQHandler
                0x08008d2c                TIM3_IRQHandler
                0x08008d2c                RCC_IRQHandler
                0x08008d2c                TIM8_BRK_TIM12_IRQHandler
                0x08008d2c                Default_Handler
                0x08008d2c                EXTI15_10_IRQHandler
                0x08008d2c                ADC_IRQHandler
                0x08008d2c                DMA1_Stream7_IRQHandler
                0x08008d2c                TIM7_IRQHandler
                0x08008d2c                CAN2_TX_IRQHandler
                0x08008d2c                TIM5_IRQHandler
                0x08008d2c                DMA2_Stream7_IRQHandler
                0x08008d2c                I2C3_EV_IRQHandler
                0x08008d2c                EXTI9_5_IRQHandler
                0x08008d2c                RTC_WKUP_IRQHandler
                0x08008d2c                ETH_WKUP_IRQHandler
                0x08008d2c                SPI2_IRQHandler
                0x08008d2c                OTG_HS_EP1_IN_IRQHandler
                0x08008d2c                DMA1_Stream0_IRQHandler
                0x08008d2c                CAN1_TX_IRQHandler
                0x08008d2c                EXTI4_IRQHandler
                0x08008d2c                FSMC_IRQHandler
                0x08008d2c                ETH_IRQHandler
                0x08008d2c                OTG_HS_EP1_OUT_IRQHandler
                0x08008d2c                WWDG_IRQHandler
                0x08008d2c                TIM2_IRQHandler
                0x08008d2c                OTG_FS_WKUP_IRQHandler
                0x08008d2c                TIM1_TRG_COM_TIM11_IRQHandler
                0x08008d2c                OTG_HS_IRQHandler
                0x08008d2c                EXTI1_IRQHandler
                0x08008d2c                USART2_IRQHandler
                0x08008d2c                I2C2_ER_IRQHandler
                0x08008d2c                DMA2_Stream1_IRQHandler
                0x08008d2c                CAN1_SCE_IRQHandler
                0x08008d2c                FLASH_IRQHandler
                0x08008d2c                DMA2_Stream4_IRQHandler
                0x08008d2c                USART1_IRQHandler
                0x08008d2c                OTG_FS_IRQHandler
                0x08008d2c                SPI3_IRQHandler
                0x08008d2c                DMA1_Stream4_IRQHandler
                0x08008d2c                I2C1_ER_IRQHandler
                0x08008d2c                DMA2_Stream6_IRQHandler
                0x08008d2c                DMA1_Stream3_IRQHandler
 *fill*         0x08008d2e        0x2 
 .text.asin     0x08008d30       0x68 d:/gcc-ar~1/102021~1.10/bin/../lib/gcc/arm-none-eabi/10.3.1/../../../../arm-none-eabi/lib/thumb/v7e-m+fp/hard\libm.a(lib_a-w_asin.o)
                0x08008d30                asin
 .text.atan2    0x08008d98        0x4 d:/gcc-ar~1/102021~1.10/bin/../lib/gcc/arm-none-eabi/10.3.1/../../../../arm-none-eabi/lib/thumb/v7e-m+fp/hard\libm.a(lib_a-w_atan2.o)
                0x08008d98                atan2
 *fill*         0x08008d9c        0x4 
 .text.__ieee754_asin
                0x08008da0      0x4a4 d:/gcc-ar~1/102021~1.10/bin/../lib/gcc/arm-none-eabi/10.3.1/../../../../arm-none-eabi/lib/thumb/v7e-m+fp/hard\libm.a(lib_a-e_asin.o)
                0x08008da0                __ieee754_asin
 *fill*         0x08009244        0x4 
 .text.__ieee754_atan2
                0x08009248      0x1ac d:/gcc-ar~1/102021~1.10/bin/../lib/gcc/arm-none-eabi/10.3.1/../../../../arm-none-eabi/lib/thumb/v7e-m+fp/hard\libm.a(lib_a-e_atan2.o)
                0x08009248                __ieee754_atan2
 .text.__ieee754_sqrt
                0x080093f4      0x198 d:/gcc-ar~1/102021~1.10/bin/../lib/gcc/arm-none-eabi/10.3.1/../../../../arm-none-eabi/lib/thumb/v7e-m+fp/hard\libm.a(lib_a-e_sqrt.o)
                0x080093f4                __ieee754_sqrt
 *fill*         0x0800958c        0x4 
 .text.atan     0x08009590      0x340 d:/gcc-ar~1/102021~1.10/bin/../lib/gcc/arm-none-eabi/10.3.1/../../../../arm-none-eabi/lib/thumb/v7e-m+fp/hard\libm.a(lib_a-s_atan.o)
                0x08009590                atan
 .text.fabs     0x080098d0       0x14 d:/gcc-ar~1/102021~1.10/bin/../lib/gcc/arm-none-eabi/10.3.1/../../../../arm-none-eabi/lib/thumb/v7e-m+fp/hard\libm.a(lib_a-s_fabs.o)
                0x080098d0                fabs
 *fill*         0x080098e4        0x4 
 .text.nan      0x080098e8       0x10 d:/gcc-ar~1/102021~1.10/bin/../lib/gcc/arm-none-eabi/10.3.1/../../../../arm-none-eabi/lib/thumb/v7e-m+fp/hard\libm.a(lib_a-s_nan.o)
                0x080098e8                nan
 .text.__errno  0x080098f8        0xc d:/gcc-ar~1/102021~1.10/bin/../lib/gcc/arm-none-eabi/10.3.1/../../../../arm-none-eabi/lib/thumb/v7e-m+fp/hard\libc_nano.a(lib_a-errno.o)
                0x080098f8                __errno
 .text.__libc_init_array
                0x08009904       0x48 d:/gcc-ar~1/102021~1.10/bin/../lib/gcc/arm-none-eabi/10.3.1/../../../../arm-none-eabi/lib/thumb/v7e-m+fp/hard\libc_nano.a(lib_a-init.o)
                0x08009904                __libc_init_array
 .text.memcmp   0x0800994c       0x20 d:/gcc-ar~1/102021~1.10/bin/../lib/gcc/arm-none-eabi/10.3.1/../../../../arm-none-eabi/lib/thumb/v7e-m+fp/hard\libc_nano.a(lib_a-memcmp.o)
                0x0800994c                memcmp
 .text.memset   0x0800996c       0x10 d:/gcc-ar~1/102021~1.10/bin/../lib/gcc/arm-none-eabi/10.3.1/../../../../arm-none-eabi/lib/thumb/v7e-m+fp/hard\libc_nano.a(lib_a-memset.o)
                0x0800996c                memset
 *(.glue_7)
 .glue_7        0x0800997c        0x0 linker stubs
 *(.glue_7t)
 .glue_7t       0x0800997c        0x0 linker stubs
 *(.eh_frame)
 .eh_frame      0x0800997c        0x0 d:/gcc-ar~1/102021~1.10/bin/../lib/gcc/arm-none-eabi/10.3.1/thumb/v7e-m+fp/hard/crtbegin.o
 *(.init)
 .init          0x0800997c        0x4 d:/gcc-ar~1/102021~1.10/bin/../lib/gcc/arm-none-eabi/10.3.1/thumb/v7e-m+fp/hard/crti.o
                0x0800997c                _init
 .init          0x08009980        0x8 d:/gcc-ar~1/102021~1.10/bin/../lib/gcc/arm-none-eabi/10.3.1/thumb/v7e-m+fp/hard/crtn.o
 *(.fini)
 .fini          0x08009988        0x4 d:/gcc-ar~1/102021~1.10/bin/../lib/gcc/arm-none-eabi/10.3.1/thumb/v7e-m+fp/hard/crti.o
                0x08009988                _fini
 .fini          0x0800998c        0x8 d:/gcc-ar~1/102021~1.10/bin/../lib/gcc/arm-none-eabi/10.3.1/thumb/v7e-m+fp/hard/crtn.o
                0x08009994                . = ALIGN (0x4)
                0x08009994                _etext = .

.vfp11_veneer   0x08009994        0x0
 .vfp11_veneer  0x08009994        0x0 linker stubs

.v4_bx          0x08009994        0x0
 .v4_bx         0x08009994        0x0 linker stubs

.iplt           0x08009994        0x0
 .iplt          0x08009994        0x0 d:/gcc-ar~1/102021~1.10/bin/../lib/gcc/arm-none-eabi/10.3.1/thumb/v7e-m+fp/hard/crtbegin.o

.rodata         0x08009998     0x1338
                0x08009998                . = ALIGN (0x4)
 *(.rodata)
 .rodata        0x08009998       0x4b CMakeFiles/blance_car.dir/Core/Driver/MPU6050/inv_mpu_dmp_motion_driver.c.obj
 *fill*         0x080099e3        0x1 
 .rodata        0x080099e4       0x24 CMakeFiles/blance_car.dir/Core/Own/main.cpp.obj
 *(.rodata*)
 .rodata.reg    0x08009a08       0x1e CMakeFiles/blance_car.dir/Core/Driver/MPU6050/inv_mpu.c.obj
                0x08009a08                reg
 *fill*         0x08009a26        0x2 
 .rodata.hw     0x08009a28        0xc CMakeFiles/blance_car.dir/Core/Driver/MPU6050/inv_mpu.c.obj
                0x08009a28                hw
 .rodata.test   0x08009a34       0x28 CMakeFiles/blance_car.dir/Core/Driver/MPU6050/inv_mpu.c.obj
                0x08009a34                test
 .rodata.dmp_memory
                0x08009a5c      0xbf6 CMakeFiles/blance_car.dir/Core/Driver/MPU6050/inv_mpu_dmp_motion_driver.c.obj
 *fill*         0x0800a652        0x2 
 .rodata._ZL10OLED_F8x16
                0x0800a654      0x5f0 CMakeFiles/blance_car.dir/Core/Driver/OLED/oled.cpp.obj
 .rodata.AHBPrescTable
                0x0800ac44       0x10 CMakeFiles/blance_car.dir/Core/Src/system_stm32f4xx.c.obj
                0x0800ac44                AHBPrescTable
 .rodata.APBPrescTable
                0x0800ac54        0x8 CMakeFiles/blance_car.dir/Core/Src/system_stm32f4xx.c.obj
                0x0800ac54                APBPrescTable
 .rodata.asin.str1.4
                0x0800ac5c        0x1 d:/gcc-ar~1/102021~1.10/bin/../lib/gcc/arm-none-eabi/10.3.1/../../../../arm-none-eabi/lib/thumb/v7e-m+fp/hard\libm.a(lib_a-w_asin.o)
 *fill*         0x0800ac5d        0x3 
 .rodata.CSWTCH.8
                0x0800ac60       0x18 d:/gcc-ar~1/102021~1.10/bin/../lib/gcc/arm-none-eabi/10.3.1/../../../../arm-none-eabi/lib/thumb/v7e-m+fp/hard\libm.a(lib_a-e_atan2.o)
 .rodata.CSWTCH.9
                0x0800ac78       0x18 d:/gcc-ar~1/102021~1.10/bin/../lib/gcc/arm-none-eabi/10.3.1/../../../../arm-none-eabi/lib/thumb/v7e-m+fp/hard\libm.a(lib_a-e_atan2.o)
 .rodata.atanhi
                0x0800ac90       0x20 d:/gcc-ar~1/102021~1.10/bin/../lib/gcc/arm-none-eabi/10.3.1/../../../../arm-none-eabi/lib/thumb/v7e-m+fp/hard\libm.a(lib_a-s_atan.o)
 .rodata.atanlo
                0x0800acb0       0x20 d:/gcc-ar~1/102021~1.10/bin/../lib/gcc/arm-none-eabi/10.3.1/../../../../arm-none-eabi/lib/thumb/v7e-m+fp/hard\libm.a(lib_a-s_atan.o)
                0x0800acd0                . = ALIGN (0x4)

.ARM.extab
 *(.ARM.extab* .gnu.linkonce.armextab.*)

.ARM            0x0800acd0        0x8
                0x0800acd0                __exidx_start = .
 *(.ARM.exidx*)
 .ARM.exidx     0x0800acd0        0x8 d:/gcc-ar~1/102021~1.10/bin/../lib/gcc/arm-none-eabi/10.3.1/thumb/v7e-m+fp/hard\libgcc.a(_udivmoddi4.o)
                0x0800acd8                __exidx_end = .

.rel.dyn        0x0800acd8        0x0
 .rel.iplt      0x0800acd8        0x0 d:/gcc-ar~1/102021~1.10/bin/../lib/gcc/arm-none-eabi/10.3.1/thumb/v7e-m+fp/hard/crtbegin.o

.preinit_array  0x0800acd8        0x0
                0x0800acd8                PROVIDE (__preinit_array_start = .)
 *(.preinit_array*)
                0x0800acd8                PROVIDE (__preinit_array_end = .)

.init_array     0x0800acd8        0xc
                0x0800acd8                PROVIDE (__init_array_start = .)
 *(SORT_BY_NAME(.init_array.*))
 *(.init_array*)
 .init_array    0x0800acd8        0x4 d:/gcc-ar~1/102021~1.10/bin/../lib/gcc/arm-none-eabi/10.3.1/thumb/v7e-m+fp/hard/crtbegin.o
 .init_array    0x0800acdc        0x4 CMakeFiles/blance_car.dir/Core/Driver/MOTOR/motor.cpp.obj
 .init_array    0x0800ace0        0x4 CMakeFiles/blance_car.dir/Core/Driver/PID/pid.cpp.obj
                0x0800ace4                PROVIDE (__init_array_end = .)

.fini_array     0x0800ace4        0x4
                [!provide]                PROVIDE (__fini_array_start = .)
 *(SORT_BY_NAME(.fini_array.*))
 *(.fini_array*)
 .fini_array    0x0800ace4        0x4 d:/gcc-ar~1/102021~1.10/bin/../lib/gcc/arm-none-eabi/10.3.1/thumb/v7e-m+fp/hard/crtbegin.o
                [!provide]                PROVIDE (__fini_array_end = .)
                0x0800ace8                _sidata = LOADADDR (.data)

.data           0x20000000       0xa8 load address 0x0800ace8
                0x20000000                . = ALIGN (0x4)
                0x20000000                _sdata = .
 *(.data)
 *(.data*)
 .data.gyro_orientation
                0x20000000        0x9 CMakeFiles/blance_car.dir/Core/Driver/MPU6050/MPU6050.c.obj
 *fill*         0x20000009        0x3 
 .data.st       0x2000000c       0x2c CMakeFiles/blance_car.dir/Core/Driver/MPU6050/inv_mpu.c.obj
 .data.uwTickPrio
                0x20000038        0x4 CMakeFiles/blance_car.dir/Drivers/STM32F4xx_HAL_Driver/Src/stm32f4xx_hal.c.obj
                0x20000038                uwTickPrio
 .data.uwTickFreq
                0x2000003c        0x1 CMakeFiles/blance_car.dir/Drivers/STM32F4xx_HAL_Driver/Src/stm32f4xx_hal.c.obj
                0x2000003c                uwTickFreq
 *fill*         0x2000003d        0x3 
 .data.SystemCoreClock
                0x20000040        0x4 CMakeFiles/blance_car.dir/Core/Src/system_stm32f4xx.c.obj
                0x20000040                SystemCoreClock
 .data._impure_ptr
                0x20000044        0x4 d:/gcc-ar~1/102021~1.10/bin/../lib/gcc/arm-none-eabi/10.3.1/../../../../arm-none-eabi/lib/thumb/v7e-m+fp/hard\libc_nano.a(lib_a-impure.o)
                0x20000044                _impure_ptr
 .data.impure_data
                0x20000048       0x60 d:/gcc-ar~1/102021~1.10/bin/../lib/gcc/arm-none-eabi/10.3.1/../../../../arm-none-eabi/lib/thumb/v7e-m+fp/hard\libc_nano.a(lib_a-impure.o)
                0x200000a8                . = ALIGN (0x4)
                0x200000a8                _edata = .
                0x0800ad90                _siccmram = LOADADDR (.ccmram)

.igot.plt       0x200000a8        0x0 load address 0x0800ad90
 .igot.plt      0x200000a8        0x0 d:/gcc-ar~1/102021~1.10/bin/../lib/gcc/arm-none-eabi/10.3.1/thumb/v7e-m+fp/hard/crtbegin.o

.ccmram         0x10000000        0x0 load address 0x0800ad90
                0x10000000                . = ALIGN (0x4)
                0x10000000                _sccmram = .
 *(.ccmram)
 *(.ccmram*)
                0x10000000                . = ALIGN (0x4)
                0x10000000                _eccmram = .
                0x10000000                . = ALIGN (0x4)

.bss            0x200000a8      0x23c
                0x200000a8                _sbss = .
                0x200000a8                __bss_start__ = _sbss
 *(.bss)
 .bss           0x200000a8       0x1c d:/gcc-ar~1/102021~1.10/bin/../lib/gcc/arm-none-eabi/10.3.1/thumb/v7e-m+fp/hard/crtbegin.o
 *(.bss*)
 .bss.FrontRight
                0x200000c4       0x24 CMakeFiles/blance_car.dir/Core/Driver/MOTOR/motor.cpp.obj
                0x200000c4                FrontRight
 .bss.FrontLeft
                0x200000e8       0x24 CMakeFiles/blance_car.dir/Core/Driver/MOTOR/motor.cpp.obj
                0x200000e8                FrontLeft
 .bss.dmp       0x2000010c       0x10 CMakeFiles/blance_car.dir/Core/Driver/MPU6050/inv_mpu_dmp_motion_driver.c.obj
 .bss.angle     0x2000011c       0x20 CMakeFiles/blance_car.dir/Core/Driver/PID/pid.cpp.obj
                0x2000011c                angle
 .bss.speed     0x2000013c       0x20 CMakeFiles/blance_car.dir/Core/Driver/PID/pid.cpp.obj
                0x2000013c                speed
 .bss._ZZ29HAL_TIM_PeriodElapsedCallbackE3cnt
                0x2000015c        0x4 CMakeFiles/blance_car.dir/Core/Own/IT.cpp.obj
 .bss.pitch     0x20000160        0x4 CMakeFiles/blance_car.dir/Core/Own/main.cpp.obj
                0x20000160                pitch
 .bss.roll      0x20000164        0x4 CMakeFiles/blance_car.dir/Core/Own/main.cpp.obj
                0x20000164                roll
 .bss.yaw       0x20000168        0x4 CMakeFiles/blance_car.dir/Core/Own/main.cpp.obj
                0x20000168                yaw
 .bss.hi2c1     0x2000016c       0x54 CMakeFiles/blance_car.dir/Core/Src/i2c.c.obj
                0x2000016c                hi2c1
 .bss.htim3     0x200001c0       0x48 CMakeFiles/blance_car.dir/Core/Src/tim.c.obj
                0x200001c0                htim3
 .bss.htim4     0x20000208       0x48 CMakeFiles/blance_car.dir/Core/Src/tim.c.obj
                0x20000208                htim4
 .bss.htim5     0x20000250       0x48 CMakeFiles/blance_car.dir/Core/Src/tim.c.obj
                0x20000250                htim5
 .bss.htim6     0x20000298       0x48 CMakeFiles/blance_car.dir/Core/Src/tim.c.obj
                0x20000298                htim6
 .bss.uwTick    0x200002e0        0x4 CMakeFiles/blance_car.dir/Drivers/STM32F4xx_HAL_Driver/Src/stm32f4xx_hal.c.obj
                0x200002e0                uwTick
 *(COMMON)
                0x200002e4                . = ALIGN (0x4)
                0x200002e4                _ebss = .
                0x200002e4                __bss_end__ = _ebss

._user_heap_stack
                0x200002e4      0x604
                0x200002e8                . = ALIGN (0x8)
 *fill*         0x200002e4        0x4 
                [!provide]                PROVIDE (end = .)
                0x200002e8                PROVIDE (_end = .)
                0x200004e8                . = (. + _Min_Heap_Size)
 *fill*         0x200002e8      0x200 
                0x200008e8                . = (. + _Min_Stack_Size)
 *fill*         0x200004e8      0x400 
                0x200008e8                . = ALIGN (0x8)

/DISCARD/
 libc.a(*)
 libm.a(*)
 libgcc.a(*)

.ARM.attributes
                0x00000000       0x30
 *(.ARM.attributes)
 .ARM.attributes
                0x00000000       0x1e d:/gcc-ar~1/102021~1.10/bin/../lib/gcc/arm-none-eabi/10.3.1/thumb/v7e-m+fp/hard/crti.o
 .ARM.attributes
                0x0000001e       0x34 d:/gcc-ar~1/102021~1.10/bin/../lib/gcc/arm-none-eabi/10.3.1/thumb/v7e-m+fp/hard/crtbegin.o
 .ARM.attributes
                0x00000052       0x34 CMakeFiles/blance_car.dir/Core/Driver/MOTOR/motor.cpp.obj
 .ARM.attributes
                0x00000086       0x34 CMakeFiles/blance_car.dir/Core/Driver/MPU6050/MPU6050.c.obj
 .ARM.attributes
                0x000000ba       0x34 CMakeFiles/blance_car.dir/Core/Driver/MPU6050/inv_mpu.c.obj
 .ARM.attributes
                0x000000ee       0x34 CMakeFiles/blance_car.dir/Core/Driver/MPU6050/inv_mpu_dmp_motion_driver.c.obj
 .ARM.attributes
                0x00000122       0x34 CMakeFiles/blance_car.dir/Core/Driver/OLED/oled.cpp.obj
 .ARM.attributes
                0x00000156       0x34 CMakeFiles/blance_car.dir/Core/Driver/PID/pid.cpp.obj
 .ARM.attributes
                0x0000018a       0x34 CMakeFiles/blance_car.dir/Core/Own/IT.cpp.obj
 .ARM.attributes
                0x000001be       0x34 CMakeFiles/blance_car.dir/Core/Own/main.cpp.obj
 .ARM.attributes
                0x000001f2       0x34 CMakeFiles/blance_car.dir/Core/Src/gpio.c.obj
 .ARM.attributes
                0x00000226       0x34 CMakeFiles/blance_car.dir/Core/Src/i2c.c.obj
 .ARM.attributes
                0x0000025a       0x34 CMakeFiles/blance_car.dir/Core/Src/tim.c.obj
 .ARM.attributes
                0x0000028e       0x34 CMakeFiles/blance_car.dir/Core/Src/stm32f4xx_it.c.obj
 .ARM.attributes
                0x000002c2       0x34 CMakeFiles/blance_car.dir/Core/Src/stm32f4xx_hal_msp.c.obj
 .ARM.attributes
                0x000002f6       0x34 CMakeFiles/blance_car.dir/Drivers/STM32F4xx_HAL_Driver/Src/stm32f4xx_hal_i2c.c.obj
 .ARM.attributes
                0x0000032a       0x34 CMakeFiles/blance_car.dir/Drivers/STM32F4xx_HAL_Driver/Src/stm32f4xx_hal_rcc.c.obj
 .ARM.attributes
                0x0000035e       0x34 CMakeFiles/blance_car.dir/Drivers/STM32F4xx_HAL_Driver/Src/stm32f4xx_hal_gpio.c.obj
 .ARM.attributes
                0x00000392       0x34 CMakeFiles/blance_car.dir/Drivers/STM32F4xx_HAL_Driver/Src/stm32f4xx_hal_cortex.c.obj
 .ARM.attributes
                0x000003c6       0x34 CMakeFiles/blance_car.dir/Drivers/STM32F4xx_HAL_Driver/Src/stm32f4xx_hal.c.obj
 .ARM.attributes
                0x000003fa       0x34 CMakeFiles/blance_car.dir/Drivers/STM32F4xx_HAL_Driver/Src/stm32f4xx_hal_tim.c.obj
 .ARM.attributes
                0x0000042e       0x34 CMakeFiles/blance_car.dir/Drivers/STM32F4xx_HAL_Driver/Src/stm32f4xx_hal_tim_ex.c.obj
 .ARM.attributes
                0x00000462       0x34 CMakeFiles/blance_car.dir/Core/Src/system_stm32f4xx.c.obj
 .ARM.attributes
                0x00000496       0x21 CMakeFiles/blance_car.dir/startup_stm32f407xx.s.obj
 .ARM.attributes
                0x000004b7       0x34 d:/gcc-ar~1/102021~1.10/bin/../lib/gcc/arm-none-eabi/10.3.1/../../../../arm-none-eabi/lib/thumb/v7e-m+fp/hard\libm.a(lib_a-w_asin.o)
 .ARM.attributes
                0x000004eb       0x34 d:/gcc-ar~1/102021~1.10/bin/../lib/gcc/arm-none-eabi/10.3.1/../../../../arm-none-eabi/lib/thumb/v7e-m+fp/hard\libm.a(lib_a-w_atan2.o)
 .ARM.attributes
                0x0000051f       0x34 d:/gcc-ar~1/102021~1.10/bin/../lib/gcc/arm-none-eabi/10.3.1/../../../../arm-none-eabi/lib/thumb/v7e-m+fp/hard\libm.a(lib_a-e_asin.o)
 .ARM.attributes
                0x00000553       0x34 d:/gcc-ar~1/102021~1.10/bin/../lib/gcc/arm-none-eabi/10.3.1/../../../../arm-none-eabi/lib/thumb/v7e-m+fp/hard\libm.a(lib_a-e_atan2.o)
 .ARM.attributes
                0x00000587       0x34 d:/gcc-ar~1/102021~1.10/bin/../lib/gcc/arm-none-eabi/10.3.1/../../../../arm-none-eabi/lib/thumb/v7e-m+fp/hard\libm.a(lib_a-e_sqrt.o)
 .ARM.attributes
                0x000005bb       0x34 d:/gcc-ar~1/102021~1.10/bin/../lib/gcc/arm-none-eabi/10.3.1/../../../../arm-none-eabi/lib/thumb/v7e-m+fp/hard\libm.a(lib_a-s_atan.o)
 .ARM.attributes
                0x000005ef       0x34 d:/gcc-ar~1/102021~1.10/bin/../lib/gcc/arm-none-eabi/10.3.1/../../../../arm-none-eabi/lib/thumb/v7e-m+fp/hard\libm.a(lib_a-s_fabs.o)
 .ARM.attributes
                0x00000623       0x34 d:/gcc-ar~1/102021~1.10/bin/../lib/gcc/arm-none-eabi/10.3.1/../../../../arm-none-eabi/lib/thumb/v7e-m+fp/hard\libm.a(lib_a-s_nan.o)
 .ARM.attributes
                0x00000657       0x34 d:/gcc-ar~1/102021~1.10/bin/../lib/gcc/arm-none-eabi/10.3.1/../../../../arm-none-eabi/lib/thumb/v7e-m+fp/hard\libc_nano.a(lib_a-errno.o)
 .ARM.attributes
                0x0000068b       0x34 d:/gcc-ar~1/102021~1.10/bin/../lib/gcc/arm-none-eabi/10.3.1/../../../../arm-none-eabi/lib/thumb/v7e-m+fp/hard\libc_nano.a(lib_a-impure.o)
 .ARM.attributes
                0x000006bf       0x34 d:/gcc-ar~1/102021~1.10/bin/../lib/gcc/arm-none-eabi/10.3.1/../../../../arm-none-eabi/lib/thumb/v7e-m+fp/hard\libc_nano.a(lib_a-init.o)
 .ARM.attributes
                0x000006f3       0x34 d:/gcc-ar~1/102021~1.10/bin/../lib/gcc/arm-none-eabi/10.3.1/../../../../arm-none-eabi/lib/thumb/v7e-m+fp/hard\libc_nano.a(lib_a-memcmp.o)
 .ARM.attributes
                0x00000727       0x34 d:/gcc-ar~1/102021~1.10/bin/../lib/gcc/arm-none-eabi/10.3.1/../../../../arm-none-eabi/lib/thumb/v7e-m+fp/hard\libc_nano.a(lib_a-memset.o)
 .ARM.attributes
                0x0000075b       0x1e d:/gcc-ar~1/102021~1.10/bin/../lib/gcc/arm-none-eabi/10.3.1/thumb/v7e-m+fp/hard\libgcc.a(_arm_addsubdf3.o)
 .ARM.attributes
                0x00000779       0x1e d:/gcc-ar~1/102021~1.10/bin/../lib/gcc/arm-none-eabi/10.3.1/thumb/v7e-m+fp/hard\libgcc.a(_arm_muldivdf3.o)
 .ARM.attributes
                0x00000797       0x1e d:/gcc-ar~1/102021~1.10/bin/../lib/gcc/arm-none-eabi/10.3.1/thumb/v7e-m+fp/hard\libgcc.a(_arm_cmpdf2.o)
 .ARM.attributes
                0x000007b5       0x1e d:/gcc-ar~1/102021~1.10/bin/../lib/gcc/arm-none-eabi/10.3.1/thumb/v7e-m+fp/hard\libgcc.a(_arm_unorddf2.o)
 .ARM.attributes
                0x000007d3       0x1e d:/gcc-ar~1/102021~1.10/bin/../lib/gcc/arm-none-eabi/10.3.1/thumb/v7e-m+fp/hard\libgcc.a(_arm_truncdfsf2.o)
 .ARM.attributes
                0x000007f1       0x1e d:/gcc-ar~1/102021~1.10/bin/../lib/gcc/arm-none-eabi/10.3.1/thumb/v7e-m+fp/hard\libgcc.a(_aeabi_ldivmod.o)
 .ARM.attributes
                0x0000080f       0x1e d:/gcc-ar~1/102021~1.10/bin/../lib/gcc/arm-none-eabi/10.3.1/thumb/v7e-m+fp/hard\libgcc.a(_aeabi_uldivmod.o)
 .ARM.attributes
                0x0000082d       0x34 d:/gcc-ar~1/102021~1.10/bin/../lib/gcc/arm-none-eabi/10.3.1/thumb/v7e-m+fp/hard\libgcc.a(_udivmoddi4.o)
 .ARM.attributes
                0x00000861       0x1e d:/gcc-ar~1/102021~1.10/bin/../lib/gcc/arm-none-eabi/10.3.1/thumb/v7e-m+fp/hard\libgcc.a(_dvmd_tls.o)
 .ARM.attributes
                0x0000087f       0x1e d:/gcc-ar~1/102021~1.10/bin/../lib/gcc/arm-none-eabi/10.3.1/thumb/v7e-m+fp/hard/crtn.o
OUTPUT(blance_car.elf elf32-littlearm)
LOAD linker stubs
LOAD d:/gcc-ar~1/102021~1.10/bin/../lib/gcc/arm-none-eabi/10.3.1/../../../../arm-none-eabi/lib/thumb/v7e-m+fp/hard\libc.a
LOAD d:/gcc-ar~1/102021~1.10/bin/../lib/gcc/arm-none-eabi/10.3.1/../../../../arm-none-eabi/lib/thumb/v7e-m+fp/hard\libm.a
LOAD d:/gcc-ar~1/102021~1.10/bin/../lib/gcc/arm-none-eabi/10.3.1/thumb/v7e-m+fp/hard\libgcc.a

.debug_info     0x00000000    0x12158
 .debug_info    0x00000000      0xc2a CMakeFiles/blance_car.dir/Core/Driver/MOTOR/motor.cpp.obj
 .debug_info    0x00000c2a      0x301 CMakeFiles/blance_car.dir/Core/Driver/MPU6050/MPU6050.c.obj
 .debug_info    0x00000f2b     0x1af7 CMakeFiles/blance_car.dir/Core/Driver/MPU6050/inv_mpu.c.obj
 .debug_info    0x00002a22      0xad6 CMakeFiles/blance_car.dir/Core/Driver/MPU6050/inv_mpu_dmp_motion_driver.c.obj
 .debug_info    0x000034f8      0x8f3 CMakeFiles/blance_car.dir/Core/Driver/OLED/oled.cpp.obj
 .debug_info    0x00003deb      0xe55 CMakeFiles/blance_car.dir/Core/Driver/PID/pid.cpp.obj
 .debug_info    0x00004c40      0xbd4 CMakeFiles/blance_car.dir/Core/Own/IT.cpp.obj
 .debug_info    0x00005814      0xe62 CMakeFiles/blance_car.dir/Core/Own/main.cpp.obj
 .debug_info    0x00006676      0x443 CMakeFiles/blance_car.dir/Core/Src/gpio.c.obj
 .debug_info    0x00006ab9      0x9a9 CMakeFiles/blance_car.dir/Core/Src/i2c.c.obj
 .debug_info    0x00007462      0xfec CMakeFiles/blance_car.dir/Core/Src/tim.c.obj
 .debug_info    0x0000844e      0x715 CMakeFiles/blance_car.dir/Core/Src/stm32f4xx_it.c.obj
 .debug_info    0x00008b63      0x2a8 CMakeFiles/blance_car.dir/Core/Src/stm32f4xx_hal_msp.c.obj
 .debug_info    0x00008e0b     0x25bd CMakeFiles/blance_car.dir/Drivers/STM32F4xx_HAL_Driver/Src/stm32f4xx_hal_i2c.c.obj
 .debug_info    0x0000b3c8      0x921 CMakeFiles/blance_car.dir/Drivers/STM32F4xx_HAL_Driver/Src/stm32f4xx_hal_rcc.c.obj
 .debug_info    0x0000bce9      0x76a CMakeFiles/blance_car.dir/Drivers/STM32F4xx_HAL_Driver/Src/stm32f4xx_hal_gpio.c.obj
 .debug_info    0x0000c453      0xe2e CMakeFiles/blance_car.dir/Drivers/STM32F4xx_HAL_Driver/Src/stm32f4xx_hal_cortex.c.obj
 .debug_info    0x0000d281      0x929 CMakeFiles/blance_car.dir/Drivers/STM32F4xx_HAL_Driver/Src/stm32f4xx_hal.c.obj
 .debug_info    0x0000dbaa     0x2b8e CMakeFiles/blance_car.dir/Drivers/STM32F4xx_HAL_Driver/Src/stm32f4xx_hal_tim.c.obj
 .debug_info    0x00010738     0x14db CMakeFiles/blance_car.dir/Drivers/STM32F4xx_HAL_Driver/Src/stm32f4xx_hal_tim_ex.c.obj
 .debug_info    0x00011c13      0x523 CMakeFiles/blance_car.dir/Core/Src/system_stm32f4xx.c.obj
 .debug_info    0x00012136       0x22 CMakeFiles/blance_car.dir/startup_stm32f407xx.s.obj

.debug_abbrev   0x00000000     0x29e8
 .debug_abbrev  0x00000000      0x2ac CMakeFiles/blance_car.dir/Core/Driver/MOTOR/motor.cpp.obj
 .debug_abbrev  0x000002ac      0x119 CMakeFiles/blance_car.dir/Core/Driver/MPU6050/MPU6050.c.obj
 .debug_abbrev  0x000003c5      0x257 CMakeFiles/blance_car.dir/Core/Driver/MPU6050/inv_mpu.c.obj
 .debug_abbrev  0x0000061c      0x167 CMakeFiles/blance_car.dir/Core/Driver/MPU6050/inv_mpu_dmp_motion_driver.c.obj
 .debug_abbrev  0x00000783      0x1ea CMakeFiles/blance_car.dir/Core/Driver/OLED/oled.cpp.obj
 .debug_abbrev  0x0000096d      0x34b CMakeFiles/blance_car.dir/Core/Driver/PID/pid.cpp.obj
 .debug_abbrev  0x00000cb8      0x275 CMakeFiles/blance_car.dir/Core/Own/IT.cpp.obj
 .debug_abbrev  0x00000f2d      0x2a6 CMakeFiles/blance_car.dir/Core/Own/main.cpp.obj
 .debug_abbrev  0x000011d3      0x121 CMakeFiles/blance_car.dir/Core/Src/gpio.c.obj
 .debug_abbrev  0x000012f4      0x1a1 CMakeFiles/blance_car.dir/Core/Src/i2c.c.obj
 .debug_abbrev  0x00001495      0x217 CMakeFiles/blance_car.dir/Core/Src/tim.c.obj
 .debug_abbrev  0x000016ac      0x15c CMakeFiles/blance_car.dir/Core/Src/stm32f4xx_it.c.obj
 .debug_abbrev  0x00001808       0xd4 CMakeFiles/blance_car.dir/Core/Src/stm32f4xx_hal_msp.c.obj
 .debug_abbrev  0x000018dc      0x256 CMakeFiles/blance_car.dir/Drivers/STM32F4xx_HAL_Driver/Src/stm32f4xx_hal_i2c.c.obj
 .debug_abbrev  0x00001b32      0x262 CMakeFiles/blance_car.dir/Drivers/STM32F4xx_HAL_Driver/Src/stm32f4xx_hal_rcc.c.obj
 .debug_abbrev  0x00001d94      0x1c4 CMakeFiles/blance_car.dir/Drivers/STM32F4xx_HAL_Driver/Src/stm32f4xx_hal_gpio.c.obj
 .debug_abbrev  0x00001f58      0x316 CMakeFiles/blance_car.dir/Drivers/STM32F4xx_HAL_Driver/Src/stm32f4xx_hal_cortex.c.obj
 .debug_abbrev  0x0000226e      0x1da CMakeFiles/blance_car.dir/Drivers/STM32F4xx_HAL_Driver/Src/stm32f4xx_hal.c.obj
 .debug_abbrev  0x00002448      0x238 CMakeFiles/blance_car.dir/Drivers/STM32F4xx_HAL_Driver/Src/stm32f4xx_hal_tim.c.obj
 .debug_abbrev  0x00002680      0x240 CMakeFiles/blance_car.dir/Drivers/STM32F4xx_HAL_Driver/Src/stm32f4xx_hal_tim_ex.c.obj
 .debug_abbrev  0x000028c0      0x116 CMakeFiles/blance_car.dir/Core/Src/system_stm32f4xx.c.obj
 .debug_abbrev  0x000029d6       0x12 CMakeFiles/blance_car.dir/startup_stm32f407xx.s.obj

.debug_aranges  0x00000000     0x10f8
 .debug_aranges
                0x00000000       0x60 CMakeFiles/blance_car.dir/Core/Driver/MOTOR/motor.cpp.obj
 .debug_aranges
                0x00000060       0x40 CMakeFiles/blance_car.dir/Core/Driver/MPU6050/MPU6050.c.obj
 .debug_aranges
                0x000000a0      0x180 CMakeFiles/blance_car.dir/Core/Driver/MPU6050/inv_mpu.c.obj
 .debug_aranges
                0x00000220       0xf8 CMakeFiles/blance_car.dir/Core/Driver/MPU6050/inv_mpu_dmp_motion_driver.c.obj
 .debug_aranges
                0x00000318       0xc0 CMakeFiles/blance_car.dir/Core/Driver/OLED/oled.cpp.obj
 .debug_aranges
                0x000003d8       0x68 CMakeFiles/blance_car.dir/Core/Driver/PID/pid.cpp.obj
 .debug_aranges
                0x00000440       0x20 CMakeFiles/blance_car.dir/Core/Own/IT.cpp.obj
 .debug_aranges
                0x00000460       0x30 CMakeFiles/blance_car.dir/Core/Own/main.cpp.obj
 .debug_aranges
                0x00000490       0x20 CMakeFiles/blance_car.dir/Core/Src/gpio.c.obj
 .debug_aranges
                0x000004b0       0x30 CMakeFiles/blance_car.dir/Core/Src/i2c.c.obj
 .debug_aranges
                0x000004e0       0x70 CMakeFiles/blance_car.dir/Core/Src/tim.c.obj
 .debug_aranges
                0x00000550       0x68 CMakeFiles/blance_car.dir/Core/Src/stm32f4xx_it.c.obj
 .debug_aranges
                0x000005b8       0x20 CMakeFiles/blance_car.dir/Core/Src/stm32f4xx_hal_msp.c.obj
 .debug_aranges
                0x000005d8      0x2a8 CMakeFiles/blance_car.dir/Drivers/STM32F4xx_HAL_Driver/Src/stm32f4xx_hal_i2c.c.obj
 .debug_aranges
                0x00000880       0x88 CMakeFiles/blance_car.dir/Drivers/STM32F4xx_HAL_Driver/Src/stm32f4xx_hal_rcc.c.obj
 .debug_aranges
                0x00000908       0x58 CMakeFiles/blance_car.dir/Drivers/STM32F4xx_HAL_Driver/Src/stm32f4xx_hal_gpio.c.obj
 .debug_aranges
                0x00000960      0x120 CMakeFiles/blance_car.dir/Drivers/STM32F4xx_HAL_Driver/Src/stm32f4xx_hal_cortex.c.obj
 .debug_aranges
                0x00000a80       0xf0 CMakeFiles/blance_car.dir/Drivers/STM32F4xx_HAL_Driver/Src/stm32f4xx_hal.c.obj
 .debug_aranges
                0x00000b70      0x3d0 CMakeFiles/blance_car.dir/Drivers/STM32F4xx_HAL_Driver/Src/stm32f4xx_hal_tim.c.obj
 .debug_aranges
                0x00000f40      0x168 CMakeFiles/blance_car.dir/Drivers/STM32F4xx_HAL_Driver/Src/stm32f4xx_hal_tim_ex.c.obj
 .debug_aranges
                0x000010a8       0x28 CMakeFiles/blance_car.dir/Core/Src/system_stm32f4xx.c.obj
 .debug_aranges
                0x000010d0       0x28 CMakeFiles/blance_car.dir/startup_stm32f407xx.s.obj

.debug_ranges   0x00000000      0xfe8
 .debug_ranges  0x00000000       0x50 CMakeFiles/blance_car.dir/Core/Driver/MOTOR/motor.cpp.obj
 .debug_ranges  0x00000050       0x30 CMakeFiles/blance_car.dir/Core/Driver/MPU6050/MPU6050.c.obj
 .debug_ranges  0x00000080      0x1a0 CMakeFiles/blance_car.dir/Core/Driver/MPU6050/inv_mpu.c.obj
 .debug_ranges  0x00000220       0xe8 CMakeFiles/blance_car.dir/Core/Driver/MPU6050/inv_mpu_dmp_motion_driver.c.obj
 .debug_ranges  0x00000308       0xb0 CMakeFiles/blance_car.dir/Core/Driver/OLED/oled.cpp.obj
 .debug_ranges  0x000003b8       0x58 CMakeFiles/blance_car.dir/Core/Driver/PID/pid.cpp.obj
 .debug_ranges  0x00000410       0x10 CMakeFiles/blance_car.dir/Core/Own/IT.cpp.obj
 .debug_ranges  0x00000420       0x20 CMakeFiles/blance_car.dir/Core/Own/main.cpp.obj
 .debug_ranges  0x00000440       0x10 CMakeFiles/blance_car.dir/Core/Src/gpio.c.obj
 .debug_ranges  0x00000450       0x20 CMakeFiles/blance_car.dir/Core/Src/i2c.c.obj
 .debug_ranges  0x00000470       0x60 CMakeFiles/blance_car.dir/Core/Src/tim.c.obj
 .debug_ranges  0x000004d0       0x58 CMakeFiles/blance_car.dir/Core/Src/stm32f4xx_it.c.obj
 .debug_ranges  0x00000528       0x10 CMakeFiles/blance_car.dir/Core/Src/stm32f4xx_hal_msp.c.obj
 .debug_ranges  0x00000538      0x2b0 CMakeFiles/blance_car.dir/Drivers/STM32F4xx_HAL_Driver/Src/stm32f4xx_hal_i2c.c.obj
 .debug_ranges  0x000007e8       0x78 CMakeFiles/blance_car.dir/Drivers/STM32F4xx_HAL_Driver/Src/stm32f4xx_hal_rcc.c.obj
 .debug_ranges  0x00000860       0x48 CMakeFiles/blance_car.dir/Drivers/STM32F4xx_HAL_Driver/Src/stm32f4xx_hal_gpio.c.obj
 .debug_ranges  0x000008a8      0x110 CMakeFiles/blance_car.dir/Drivers/STM32F4xx_HAL_Driver/Src/stm32f4xx_hal_cortex.c.obj
 .debug_ranges  0x000009b8       0xe0 CMakeFiles/blance_car.dir/Drivers/STM32F4xx_HAL_Driver/Src/stm32f4xx_hal.c.obj
 .debug_ranges  0x00000a98      0x3c0 CMakeFiles/blance_car.dir/Drivers/STM32F4xx_HAL_Driver/Src/stm32f4xx_hal_tim.c.obj
 .debug_ranges  0x00000e58      0x158 CMakeFiles/blance_car.dir/Drivers/STM32F4xx_HAL_Driver/Src/stm32f4xx_hal_tim_ex.c.obj
 .debug_ranges  0x00000fb0       0x18 CMakeFiles/blance_car.dir/Core/Src/system_stm32f4xx.c.obj
 .debug_ranges  0x00000fc8       0x20 CMakeFiles/blance_car.dir/startup_stm32f407xx.s.obj

.debug_macro    0x00000000    0x266e0
 .debug_macro   0x00000000      0x20b CMakeFiles/blance_car.dir/Core/Driver/MOTOR/motor.cpp.obj
 .debug_macro   0x0000020b      0xb44 CMakeFiles/blance_car.dir/Core/Driver/MOTOR/motor.cpp.obj
 .debug_macro   0x00000d4f      0x29b CMakeFiles/blance_car.dir/Core/Driver/MOTOR/motor.cpp.obj
 .debug_macro   0x00000fea       0x2e CMakeFiles/blance_car.dir/Core/Driver/MOTOR/motor.cpp.obj
 .debug_macro   0x00001018       0x2f CMakeFiles/blance_car.dir/Core/Driver/MOTOR/motor.cpp.obj
 .debug_macro   0x00001047       0x1c CMakeFiles/blance_car.dir/Core/Driver/MOTOR/motor.cpp.obj
 .debug_macro   0x00001063       0x22 CMakeFiles/blance_car.dir/Core/Driver/MOTOR/motor.cpp.obj
 .debug_macro   0x00001085       0x8e CMakeFiles/blance_car.dir/Core/Driver/MOTOR/motor.cpp.obj
 .debug_macro   0x00001113       0x51 CMakeFiles/blance_car.dir/Core/Driver/MOTOR/motor.cpp.obj
 .debug_macro   0x00001164      0x103 CMakeFiles/blance_car.dir/Core/Driver/MOTOR/motor.cpp.obj
 .debug_macro   0x00001267       0x6a CMakeFiles/blance_car.dir/Core/Driver/MOTOR/motor.cpp.obj
 .debug_macro   0x000012d1      0x1df CMakeFiles/blance_car.dir/Core/Driver/MOTOR/motor.cpp.obj
 .debug_macro   0x000014b0       0x1c CMakeFiles/blance_car.dir/Core/Driver/MOTOR/motor.cpp.obj
 .debug_macro   0x000014cc       0x22 CMakeFiles/blance_car.dir/Core/Driver/MOTOR/motor.cpp.obj
 .debug_macro   0x000014ee       0xfb CMakeFiles/blance_car.dir/Core/Driver/MOTOR/motor.cpp.obj
 .debug_macro   0x000015e9     0x1011 CMakeFiles/blance_car.dir/Core/Driver/MOTOR/motor.cpp.obj
 .debug_macro   0x000025fa      0x11f CMakeFiles/blance_car.dir/Core/Driver/MOTOR/motor.cpp.obj
 .debug_macro   0x00002719    0x15e97 CMakeFiles/blance_car.dir/Core/Driver/MOTOR/motor.cpp.obj
 .debug_macro   0x000185b0       0x6d CMakeFiles/blance_car.dir/Core/Driver/MOTOR/motor.cpp.obj
 .debug_macro   0x0001861d     0x368c CMakeFiles/blance_car.dir/Core/Driver/MOTOR/motor.cpp.obj
 .debug_macro   0x0001bca9      0x17b CMakeFiles/blance_car.dir/Core/Driver/MOTOR/motor.cpp.obj
 .debug_macro   0x0001be24       0x5c CMakeFiles/blance_car.dir/Core/Driver/MOTOR/motor.cpp.obj
 .debug_macro   0x0001be80      0x980 CMakeFiles/blance_car.dir/Core/Driver/MOTOR/motor.cpp.obj
 .debug_macro   0x0001c800      0x9e9 CMakeFiles/blance_car.dir/Core/Driver/MOTOR/motor.cpp.obj
 .debug_macro   0x0001d1e9      0x115 CMakeFiles/blance_car.dir/Core/Driver/MOTOR/motor.cpp.obj
 .debug_macro   0x0001d2fe      0x13e CMakeFiles/blance_car.dir/Core/Driver/MOTOR/motor.cpp.obj
 .debug_macro   0x0001d43c       0xa5 CMakeFiles/blance_car.dir/Core/Driver/MOTOR/motor.cpp.obj
 .debug_macro   0x0001d4e1      0x174 CMakeFiles/blance_car.dir/Core/Driver/MOTOR/motor.cpp.obj
 .debug_macro   0x0001d655      0x287 CMakeFiles/blance_car.dir/Core/Driver/MOTOR/motor.cpp.obj
 .debug_macro   0x0001d8dc       0x5f CMakeFiles/blance_car.dir/Core/Driver/MOTOR/motor.cpp.obj
 .debug_macro   0x0001d93b      0x236 CMakeFiles/blance_car.dir/Core/Driver/MOTOR/motor.cpp.obj
 .debug_macro   0x0001db71      0x12c CMakeFiles/blance_car.dir/Core/Driver/MOTOR/motor.cpp.obj
 .debug_macro   0x0001dc9d      0x21e CMakeFiles/blance_car.dir/Core/Driver/MOTOR/motor.cpp.obj
 .debug_macro   0x0001debb       0x2e CMakeFiles/blance_car.dir/Core/Driver/MOTOR/motor.cpp.obj
 .debug_macro   0x0001dee9      0x1b5 CMakeFiles/blance_car.dir/Core/Driver/MOTOR/motor.cpp.obj
 .debug_macro   0x0001e09e       0xd6 CMakeFiles/blance_car.dir/Core/Driver/MOTOR/motor.cpp.obj
 .debug_macro   0x0001e174      0x127 CMakeFiles/blance_car.dir/Core/Driver/MOTOR/motor.cpp.obj
 .debug_macro   0x0001e29b       0x7e CMakeFiles/blance_car.dir/Core/Driver/MOTOR/motor.cpp.obj
 .debug_macro   0x0001e319       0x89 CMakeFiles/blance_car.dir/Core/Driver/MOTOR/motor.cpp.obj
 .debug_macro   0x0001e3a2      0x8ed CMakeFiles/blance_car.dir/Core/Driver/MOTOR/motor.cpp.obj
 .debug_macro   0x0001ec8f       0x4d CMakeFiles/blance_car.dir/Core/Driver/MOTOR/motor.cpp.obj
 .debug_macro   0x0001ecdc      0x12d CMakeFiles/blance_car.dir/Core/Driver/MOTOR/motor.cpp.obj
 .debug_macro   0x0001ee09       0xf1 CMakeFiles/blance_car.dir/Core/Driver/MPU6050/MPU6050.c.obj
 .debug_macro   0x0001eefa      0xa78 CMakeFiles/blance_car.dir/Core/Driver/MPU6050/MPU6050.c.obj
 .debug_macro   0x0001f972       0x8e CMakeFiles/blance_car.dir/Core/Driver/MPU6050/MPU6050.c.obj
 .debug_macro   0x0001fa00       0xa6 CMakeFiles/blance_car.dir/Core/Driver/MPU6050/MPU6050.c.obj
 .debug_macro   0x0001faa6       0x5e CMakeFiles/blance_car.dir/Core/Driver/MPU6050/MPU6050.c.obj
 .debug_macro   0x0001fb04       0x1e CMakeFiles/blance_car.dir/Core/Driver/MPU6050/MPU6050.c.obj
 .debug_macro   0x0001fb22       0x94 CMakeFiles/blance_car.dir/Core/Driver/MPU6050/MPU6050.c.obj
 .debug_macro   0x0001fbb6       0x35 CMakeFiles/blance_car.dir/Core/Driver/MPU6050/MPU6050.c.obj
 .debug_macro   0x0001fbeb       0x34 CMakeFiles/blance_car.dir/Core/Driver/MPU6050/MPU6050.c.obj
 .debug_macro   0x0001fc1f      0x174 CMakeFiles/blance_car.dir/Core/Driver/MPU6050/MPU6050.c.obj
 .debug_macro   0x0001fd93       0x16 CMakeFiles/blance_car.dir/Core/Driver/MPU6050/MPU6050.c.obj
 .debug_macro   0x0001fda9       0x43 CMakeFiles/blance_car.dir/Core/Driver/MPU6050/MPU6050.c.obj
 .debug_macro   0x0001fdec       0x57 CMakeFiles/blance_car.dir/Core/Driver/MPU6050/MPU6050.c.obj
 .debug_macro   0x0001fe43       0x34 CMakeFiles/blance_car.dir/Core/Driver/MPU6050/MPU6050.c.obj
 .debug_macro   0x0001fe77       0x10 CMakeFiles/blance_car.dir/Core/Driver/MPU6050/MPU6050.c.obj
 .debug_macro   0x0001fe87       0x58 CMakeFiles/blance_car.dir/Core/Driver/MPU6050/MPU6050.c.obj
 .debug_macro   0x0001fedf      0x182 CMakeFiles/blance_car.dir/Core/Driver/MPU6050/MPU6050.c.obj
 .debug_macro   0x00020061      0x341 CMakeFiles/blance_car.dir/Core/Driver/MPU6050/MPU6050.c.obj
 .debug_macro   0x000203a2      0x19b CMakeFiles/blance_car.dir/Core/Driver/MPU6050/MPU6050.c.obj
 .debug_macro   0x0002053d      0x514 CMakeFiles/blance_car.dir/Core/Driver/MPU6050/inv_mpu.c.obj
 .debug_macro   0x00020a51       0x16 CMakeFiles/blance_car.dir/Core/Driver/MPU6050/inv_mpu.c.obj
 .debug_macro   0x00020a67       0x97 CMakeFiles/blance_car.dir/Core/Driver/MPU6050/inv_mpu.c.obj
 .debug_macro   0x00020afe       0xfd CMakeFiles/blance_car.dir/Core/Driver/MPU6050/inv_mpu.c.obj
 .debug_macro   0x00020bfb       0x10 CMakeFiles/blance_car.dir/Core/Driver/MPU6050/inv_mpu.c.obj
 .debug_macro   0x00020c0b       0x10 CMakeFiles/blance_car.dir/Core/Driver/MPU6050/inv_mpu.c.obj
 .debug_macro   0x00020c1b       0x1c CMakeFiles/blance_car.dir/Core/Driver/MPU6050/inv_mpu.c.obj
 .debug_macro   0x00020c37       0x52 CMakeFiles/blance_car.dir/Core/Driver/MPU6050/inv_mpu.c.obj
 .debug_macro   0x00020c89       0x22 CMakeFiles/blance_car.dir/Core/Driver/MPU6050/inv_mpu.c.obj
 .debug_macro   0x00020cab       0x10 CMakeFiles/blance_car.dir/Core/Driver/MPU6050/inv_mpu.c.obj
 .debug_macro   0x00020cbb       0x52 CMakeFiles/blance_car.dir/Core/Driver/MPU6050/inv_mpu.c.obj
 .debug_macro   0x00020d0d       0xd5 CMakeFiles/blance_car.dir/Core/Driver/MPU6050/inv_mpu.c.obj
 .debug_macro   0x00020de2       0x1c CMakeFiles/blance_car.dir/Core/Driver/MPU6050/inv_mpu.c.obj
 .debug_macro   0x00020dfe       0x3d CMakeFiles/blance_car.dir/Core/Driver/MPU6050/inv_mpu.c.obj
 .debug_macro   0x00020e3b       0x16 CMakeFiles/blance_car.dir/Core/Driver/MPU6050/inv_mpu.c.obj
 .debug_macro   0x00020e51      0x16f CMakeFiles/blance_car.dir/Core/Driver/MPU6050/inv_mpu.c.obj
 .debug_macro   0x00020fc0       0x16 CMakeFiles/blance_car.dir/Core/Driver/MPU6050/inv_mpu.c.obj
 .debug_macro   0x00020fd6       0x35 CMakeFiles/blance_car.dir/Core/Driver/MPU6050/inv_mpu.c.obj
 .debug_macro   0x0002100b       0x16 CMakeFiles/blance_car.dir/Core/Driver/MPU6050/inv_mpu.c.obj
 .debug_macro   0x00021021       0x29 CMakeFiles/blance_car.dir/Core/Driver/MPU6050/inv_mpu.c.obj
 .debug_macro   0x0002104a       0x16 CMakeFiles/blance_car.dir/Core/Driver/MPU6050/inv_mpu.c.obj
 .debug_macro   0x00021060     0x1011 CMakeFiles/blance_car.dir/Core/Driver/MPU6050/inv_mpu.c.obj
 .debug_macro   0x00022071       0x56 CMakeFiles/blance_car.dir/Core/Driver/MPU6050/inv_mpu.c.obj
 .debug_macro   0x000220c7      0x86f CMakeFiles/blance_car.dir/Core/Driver/MPU6050/inv_mpu_dmp_motion_driver.c.obj
 .debug_macro   0x00022936      0xb8a CMakeFiles/blance_car.dir/Core/Driver/MPU6050/inv_mpu_dmp_motion_driver.c.obj
 .debug_macro   0x000234c0      0x659 CMakeFiles/blance_car.dir/Core/Driver/MPU6050/inv_mpu_dmp_motion_driver.c.obj
 .debug_macro   0x00023b19      0x34d CMakeFiles/blance_car.dir/Core/Driver/OLED/oled.cpp.obj
 .debug_macro   0x00023e66       0x34 CMakeFiles/blance_car.dir/Core/Driver/OLED/oled.cpp.obj
 .debug_macro   0x00023e9a       0x97 CMakeFiles/blance_car.dir/Core/Driver/OLED/oled.cpp.obj
 .debug_macro   0x00023f31      0x364 CMakeFiles/blance_car.dir/Core/Driver/OLED/oled.cpp.obj
 .debug_macro   0x00024295      0x104 CMakeFiles/blance_car.dir/Core/Driver/OLED/oled.cpp.obj
 .debug_macro   0x00024399       0x43 CMakeFiles/blance_car.dir/Core/Driver/OLED/oled.cpp.obj
 .debug_macro   0x000243dc      0x137 CMakeFiles/blance_car.dir/Core/Driver/OLED/oled.cpp.obj
 .debug_macro   0x00024513      0x215 CMakeFiles/blance_car.dir/Core/Driver/PID/pid.cpp.obj
 .debug_macro   0x00024728      0x21f CMakeFiles/blance_car.dir/Core/Own/IT.cpp.obj
 .debug_macro   0x00024947      0x387 CMakeFiles/blance_car.dir/Core/Own/main.cpp.obj
 .debug_macro   0x00024cce       0x64 CMakeFiles/blance_car.dir/Core/Own/main.cpp.obj
 .debug_macro   0x00024d32       0x35 CMakeFiles/blance_car.dir/Core/Own/main.cpp.obj
 .debug_macro   0x00024d67      0x1f2 CMakeFiles/blance_car.dir/Core/Src/gpio.c.obj
 .debug_macro   0x00024f59      0x1f2 CMakeFiles/blance_car.dir/Core/Src/i2c.c.obj
 .debug_macro   0x0002514b      0x1f2 CMakeFiles/blance_car.dir/Core/Src/tim.c.obj
 .debug_macro   0x0002533d      0x1f2 CMakeFiles/blance_car.dir/Core/Src/stm32f4xx_it.c.obj
 .debug_macro   0x0002552f      0x1e8 CMakeFiles/blance_car.dir/Core/Src/stm32f4xx_hal_msp.c.obj
 .debug_macro   0x00025717      0x22c CMakeFiles/blance_car.dir/Drivers/STM32F4xx_HAL_Driver/Src/stm32f4xx_hal_i2c.c.obj
 .debug_macro   0x00025943      0x202 CMakeFiles/blance_car.dir/Drivers/STM32F4xx_HAL_Driver/Src/stm32f4xx_hal_rcc.c.obj
 .debug_macro   0x00025b45      0x1e4 CMakeFiles/blance_car.dir/Drivers/STM32F4xx_HAL_Driver/Src/stm32f4xx_hal_gpio.c.obj
 .debug_macro   0x00025d29      0x1de CMakeFiles/blance_car.dir/Drivers/STM32F4xx_HAL_Driver/Src/stm32f4xx_hal_cortex.c.obj
 .debug_macro   0x00025f07      0x23e CMakeFiles/blance_car.dir/Drivers/STM32F4xx_HAL_Driver/Src/stm32f4xx_hal.c.obj
 .debug_macro   0x00026145      0x1df CMakeFiles/blance_car.dir/Drivers/STM32F4xx_HAL_Driver/Src/stm32f4xx_hal_tim.c.obj
 .debug_macro   0x00026324      0x1de CMakeFiles/blance_car.dir/Drivers/STM32F4xx_HAL_Driver/Src/stm32f4xx_hal_tim_ex.c.obj
 .debug_macro   0x00026502      0x1de CMakeFiles/blance_car.dir/Core/Src/system_stm32f4xx.c.obj

.debug_line     0x00000000    0x13892
 .debug_line    0x00000000      0x7b5 CMakeFiles/blance_car.dir/Core/Driver/MOTOR/motor.cpp.obj
 .debug_line    0x000007b5      0x42e CMakeFiles/blance_car.dir/Core/Driver/MPU6050/MPU6050.c.obj
 .debug_line    0x00000be3     0x1da9 CMakeFiles/blance_car.dir/Core/Driver/MPU6050/inv_mpu.c.obj
 .debug_line    0x0000298c     0x121c CMakeFiles/blance_car.dir/Core/Driver/MPU6050/inv_mpu_dmp_motion_driver.c.obj
 .debug_line    0x00003ba8      0xcf9 CMakeFiles/blance_car.dir/Core/Driver/OLED/oled.cpp.obj
 .debug_line    0x000048a1      0x868 CMakeFiles/blance_car.dir/Core/Driver/PID/pid.cpp.obj
 .debug_line    0x00005109      0x6b2 CMakeFiles/blance_car.dir/Core/Own/IT.cpp.obj
 .debug_line    0x000057bb      0x8a2 CMakeFiles/blance_car.dir/Core/Own/main.cpp.obj
 .debug_line    0x0000605d      0x5cd CMakeFiles/blance_car.dir/Core/Src/gpio.c.obj
 .debug_line    0x0000662a      0x618 CMakeFiles/blance_car.dir/Core/Src/i2c.c.obj
 .debug_line    0x00006c42      0x804 CMakeFiles/blance_car.dir/Core/Src/tim.c.obj
 .debug_line    0x00007446      0x689 CMakeFiles/blance_car.dir/Core/Src/stm32f4xx_it.c.obj
 .debug_line    0x00007acf      0x5ae CMakeFiles/blance_car.dir/Core/Src/stm32f4xx_hal_msp.c.obj
 .debug_line    0x0000807d     0x38eb CMakeFiles/blance_car.dir/Drivers/STM32F4xx_HAL_Driver/Src/stm32f4xx_hal_i2c.c.obj
 .debug_line    0x0000b968      0xc12 CMakeFiles/blance_car.dir/Drivers/STM32F4xx_HAL_Driver/Src/stm32f4xx_hal_rcc.c.obj
 .debug_line    0x0000c57a      0xa0a CMakeFiles/blance_car.dir/Drivers/STM32F4xx_HAL_Driver/Src/stm32f4xx_hal_gpio.c.obj
 .debug_line    0x0000cf84      0xb62 CMakeFiles/blance_car.dir/Drivers/STM32F4xx_HAL_Driver/Src/stm32f4xx_hal_cortex.c.obj
 .debug_line    0x0000dae6      0x896 CMakeFiles/blance_car.dir/Drivers/STM32F4xx_HAL_Driver/Src/stm32f4xx_hal.c.obj
 .debug_line    0x0000e37c     0x35c1 CMakeFiles/blance_car.dir/Drivers/STM32F4xx_HAL_Driver/Src/stm32f4xx_hal_tim.c.obj
 .debug_line    0x0001193d     0x1889 CMakeFiles/blance_car.dir/Drivers/STM32F4xx_HAL_Driver/Src/stm32f4xx_hal_tim_ex.c.obj
 .debug_line    0x000131c6      0x630 CMakeFiles/blance_car.dir/Core/Src/system_stm32f4xx.c.obj
 .debug_line    0x000137f6       0x9c CMakeFiles/blance_car.dir/startup_stm32f407xx.s.obj

.debug_str      0x00000000    0xd26a7
 .debug_str     0x00000000    0xc4014 CMakeFiles/blance_car.dir/Core/Driver/MOTOR/motor.cpp.obj
                              0xc44d4 (size before relaxing)
 .debug_str     0x000c4014     0x37bf CMakeFiles/blance_car.dir/Core/Driver/MPU6050/MPU6050.c.obj
                               0x6a2f (size before relaxing)
 .debug_str     0x000c77d3     0x224f CMakeFiles/blance_car.dir/Core/Driver/MPU6050/inv_mpu.c.obj
                              0xc8e85 (size before relaxing)
 .debug_str     0x000c9a22     0x4d49 CMakeFiles/blance_car.dir/Core/Driver/MPU6050/inv_mpu_dmp_motion_driver.c.obj
                              0xccb39 (size before relaxing)
 .debug_str     0x000ce76b      0x55a CMakeFiles/blance_car.dir/Core/Driver/OLED/oled.cpp.obj
                              0xc7864 (size before relaxing)
 .debug_str     0x000cecc5      0x165 CMakeFiles/blance_car.dir/Core/Driver/PID/pid.cpp.obj
                              0xc4519 (size before relaxing)
 .debug_str     0x000cee2a       0x66 CMakeFiles/blance_car.dir/Core/Own/IT.cpp.obj
                              0xc44b3 (size before relaxing)
 .debug_str     0x000cee90      0x2c9 CMakeFiles/blance_car.dir/Core/Own/main.cpp.obj
                              0xc7ea5 (size before relaxing)
 .debug_str     0x000cf159       0x73 CMakeFiles/blance_car.dir/Core/Src/gpio.c.obj
                              0xc385e (size before relaxing)
 .debug_str     0x000cf1cc       0x6e CMakeFiles/blance_car.dir/Core/Src/i2c.c.obj
                              0xc3d70 (size before relaxing)
 .debug_str     0x000cf23a      0x74a CMakeFiles/blance_car.dir/Core/Src/tim.c.obj
                              0xc44d1 (size before relaxing)
 .debug_str     0x000cf984       0xf4 CMakeFiles/blance_car.dir/Core/Src/stm32f4xx_it.c.obj
                              0xc3c8a (size before relaxing)
 .debug_str     0x000cfa78       0x4f CMakeFiles/blance_car.dir/Core/Src/stm32f4xx_hal_msp.c.obj
                              0xc37c1 (size before relaxing)
 .debug_str     0x000cfac7      0xb48 CMakeFiles/blance_car.dir/Drivers/STM32F4xx_HAL_Driver/Src/stm32f4xx_hal_i2c.c.obj
                              0xc482a (size before relaxing)
 .debug_str     0x000d060f      0x2cc CMakeFiles/blance_car.dir/Drivers/STM32F4xx_HAL_Driver/Src/stm32f4xx_hal_rcc.c.obj
                              0xc3c7e (size before relaxing)
 .debug_str     0x000d08db      0x169 CMakeFiles/blance_car.dir/Drivers/STM32F4xx_HAL_Driver/Src/stm32f4xx_hal_gpio.c.obj
                              0xc39ec (size before relaxing)
 .debug_str     0x000d0a44      0x425 CMakeFiles/blance_car.dir/Drivers/STM32F4xx_HAL_Driver/Src/stm32f4xx_hal_cortex.c.obj
                              0xc413f (size before relaxing)
 .debug_str     0x000d0e69      0x56b CMakeFiles/blance_car.dir/Drivers/STM32F4xx_HAL_Driver/Src/stm32f4xx_hal.c.obj
                              0xc43a6 (size before relaxing)
 .debug_str     0x000d13d4      0xd0b CMakeFiles/blance_car.dir/Drivers/STM32F4xx_HAL_Driver/Src/stm32f4xx_hal_tim.c.obj
                              0xc4b72 (size before relaxing)
 .debug_str     0x000d20df      0x511 CMakeFiles/blance_car.dir/Drivers/STM32F4xx_HAL_Driver/Src/stm32f4xx_hal_tim_ex.c.obj
                              0xc4313 (size before relaxing)
 .debug_str     0x000d25f0       0x6d CMakeFiles/blance_car.dir/Core/Src/system_stm32f4xx.c.obj
                              0xc3871 (size before relaxing)
 .debug_str     0x000d265d       0x4a CMakeFiles/blance_car.dir/startup_stm32f407xx.s.obj
                                 0x82 (size before relaxing)

.comment        0x00000000       0x49
 .comment       0x00000000       0x49 CMakeFiles/blance_car.dir/Core/Driver/MOTOR/motor.cpp.obj
                                 0x4a (size before relaxing)
 .comment       0x00000049       0x4a CMakeFiles/blance_car.dir/Core/Driver/MPU6050/MPU6050.c.obj
 .comment       0x00000049       0x4a CMakeFiles/blance_car.dir/Core/Driver/MPU6050/inv_mpu.c.obj
 .comment       0x00000049       0x4a CMakeFiles/blance_car.dir/Core/Driver/MPU6050/inv_mpu_dmp_motion_driver.c.obj
 .comment       0x00000049       0x4a CMakeFiles/blance_car.dir/Core/Driver/OLED/oled.cpp.obj
 .comment       0x00000049       0x4a CMakeFiles/blance_car.dir/Core/Driver/PID/pid.cpp.obj
 .comment       0x00000049       0x4a CMakeFiles/blance_car.dir/Core/Own/IT.cpp.obj
 .comment       0x00000049       0x4a CMakeFiles/blance_car.dir/Core/Own/main.cpp.obj
 .comment       0x00000049       0x4a CMakeFiles/blance_car.dir/Core/Src/gpio.c.obj
 .comment       0x00000049       0x4a CMakeFiles/blance_car.dir/Core/Src/i2c.c.obj
 .comment       0x00000049       0x4a CMakeFiles/blance_car.dir/Core/Src/tim.c.obj
 .comment       0x00000049       0x4a CMakeFiles/blance_car.dir/Core/Src/stm32f4xx_it.c.obj
 .comment       0x00000049       0x4a CMakeFiles/blance_car.dir/Core/Src/stm32f4xx_hal_msp.c.obj
 .comment       0x00000049       0x4a CMakeFiles/blance_car.dir/Drivers/STM32F4xx_HAL_Driver/Src/stm32f4xx_hal_i2c.c.obj
 .comment       0x00000049       0x4a CMakeFiles/blance_car.dir/Drivers/STM32F4xx_HAL_Driver/Src/stm32f4xx_hal_rcc.c.obj
 .comment       0x00000049       0x4a CMakeFiles/blance_car.dir/Drivers/STM32F4xx_HAL_Driver/Src/stm32f4xx_hal_gpio.c.obj
 .comment       0x00000049       0x4a CMakeFiles/blance_car.dir/Drivers/STM32F4xx_HAL_Driver/Src/stm32f4xx_hal_cortex.c.obj
 .comment       0x00000049       0x4a CMakeFiles/blance_car.dir/Drivers/STM32F4xx_HAL_Driver/Src/stm32f4xx_hal.c.obj
 .comment       0x00000049       0x4a CMakeFiles/blance_car.dir/Drivers/STM32F4xx_HAL_Driver/Src/stm32f4xx_hal_tim.c.obj
 .comment       0x00000049       0x4a CMakeFiles/blance_car.dir/Drivers/STM32F4xx_HAL_Driver/Src/stm32f4xx_hal_tim_ex.c.obj
 .comment       0x00000049       0x4a CMakeFiles/blance_car.dir/Core/Src/system_stm32f4xx.c.obj

.debug_frame    0x00000000     0x4b98
 .debug_frame   0x00000000      0x158 CMakeFiles/blance_car.dir/Core/Driver/MOTOR/motor.cpp.obj
 .debug_frame   0x00000158       0xd0 CMakeFiles/blance_car.dir/Core/Driver/MPU6050/MPU6050.c.obj
 .debug_frame   0x00000228      0x70c CMakeFiles/blance_car.dir/Core/Driver/MPU6050/inv_mpu.c.obj
 .debug_frame   0x00000934      0x42c CMakeFiles/blance_car.dir/Core/Driver/MPU6050/inv_mpu_dmp_motion_driver.c.obj
 .debug_frame   0x00000d60      0x304 CMakeFiles/blance_car.dir/Core/Driver/OLED/oled.cpp.obj